$CV1,0,26,0,-1,0.0,0.0,0.0,0.000000,0.000000,0.000000*0C
$CV1,1,127,0,-1,0.0,0.0,0.0,0.000000,0.000000,0.000000*3D
$CV1,2,240,0,-1,0.0,0.0,0.0,0.000000,0.000000,0.000000*3C
$CV1,3,342,0,-1,0.0,0.0,0.0,0.000000,0.000000,0.000000*3E
$CV1,4,468,0,-1,0.0,0.0,0.0,0.000000,0.000000,0.000000*36
$CV1,5,584,0,-1,0.0,0.0,0.0,0.000000,0.000000,0.000000*34
$CV1,6,687,0,-1,0.0,0.0,0.0,0.000000,0.000000,0.000000*37
$CV1,7,796,0,-1,0.0,0.0,0.0,0.000000,0.000000,0.000000*37
$CV1,8,909,0,-1,0.0,0.0,0.0,0.000000,0.000000,0.000000*30
$CV1,9,1044,0,-1,0.0,0.0,0.0,0.000000,0.000000,0.000000*00
$CV1,10,1157,0,-1,0.0,0.0,0.0,0.000000,0.000000,0.000000*3B
$CV1,11,1267,0,-1,0.0,0.0,0.0,0.000000,0.000000,0.000000*3A
$CV1,12,1385,0,-1,0.0,0.0,0.0,0.000000,0.000000,0.000000*34
$CV1,13,1512,0,-1,0.0,0.0,0.0,0.000000,0.000000,0.000000*3D
$CV1,14,1644,0,-1,0.0,0.0,0.0,0.000000,0.000000,0.000000*3A
$CV1,15,1759,0,-1,0.0,0.0,0.0,0.000000,0.000000,0.000000*36
$CV1,16,1872,0,-1,0.0,0.0,0.0,0.000000,0.000000,0.000000*33
$CV1,17,1990,0,-1,0.0,0.0,0.0,0.000000,0.000000,0.000000*3F
$CV1,18,2105,0,-1,0.0,0.0,0.0,0.000000,0.000000,0.000000*37
$CV1,19,2235,0,-1,0.0,0.0,0.0,0.000000,0.000000,0.000000*36
$CV1,20,2359,0,-1,0.0,0.0,0.0,0.000000,0.000000,0.000000*37
$CV1,21,2481,0,-1,0.0,0.0,0.0,0.000000,0.000000,0.000000*34
$CV1,22,2594,0,-1,0.0,0.0,0.0,0.000000,0.000000,0.000000*32
$CV1,23,2696,0,-1,0.0,0.0,0.0,0.000000,0.000000,0.000000*32
$CV1,24,2817,0,-1,0.0,0.0,0.0,0.000000,0.000000,0.000000*32
$CV1,25,2928,0,-1,0.0,0.0,0.0,0.000000,0.000000,0.000000*3E
$CV1,26,3036,0,-1,0.0,0.0,0.0,0.000000,0.000000,0.000000*3A
$CV1,27,3182,0,-1,0.0,0.0,0.0,0.000000,0.000000,0.000000*35
$CV1,28,3300,0,-1,0.0,0.0,0.0,0.000000,0.000000,0.000000*32
$CV1,29,3409,0,-1,0.0,0.0,0.0,0.000000,0.000000,0.000000*3D
$CV1,30,3521,0,-1,0.0,0.0,0.0,0.000000,0.000000,0.000000*3E
$CV1,31,3631,0,-1,0.0,0.0,0.0,0.000000,0.000000,0.000000*3D
$CV1,32,3759,0,-1,0.0,0.0,0.0,0.000000,0.000000,0.000000*31
$CV1,33,3883,0,-1,0.0,0.0,0.0,0.000000,0.000000,0.000000*38
$CV1,34,4007,0,-1,0.0,0.0,0.0,0.000000,0.000000,0.000000*3C
$CV1,35,4140,0,-1,0.0,0.0,0.0,0.000000,0.000000,0.000000*3F
$CV1,36,4252,0,-1,0.0,0.0,0.0,0.000000,0.000000,0.000000*3C
$CV1,37,4370,0,-1,0.0,0.0,0.0,0.000000,0.000000,0.000000*3C
$CV1,38,4480,1,0,-51.5,11.3,211.1,-0.296613,0.280656,-1.722081*33
$CV1,39,4593,1,0,-43.7,4.6,219.2,-0.314529,0.286322,-1.695766*08
$CV1,40,4711,1,0,-39.8,-9.7,219.1,-0.290133,0.311023,-1.650996*29
$CV1,41,4839,1,0,-37.5,-14.2,215.7,-0.287924,0.311105,-1.631130*13
$CV1,42,4972,1,0,-36.6,-15.6,213.7,-0.289421,0.312879,-1.623103*1B
$CV1,43,5094,1,0,-36.9,-14.7,212.5,-0.284209,0.309327,-1.628196*1A
$CV1,44,5214,1,0,-36.4,-14.5,212.6,-0.282292,0.306312,-1.628242*1C
$CV1,45,5332,1,0,-35.8,-15.0,211.8,-0.279995,0.304452,-1.625642*1E
$CV1,46,5467,1,0,-34.8,-16.3,211.7,-0.278099,0.305699,-1.621451*10
$CV1,47,5587,1,0,-34.0,-17.7,213.3,-0.277652,0.307879,-1.622081*13
$CV1,48,5694,1,0,-32.8,-19.6,213.7,-0.275213,0.307987,-1.618593*14
$CV1,49,5797,1,0,-30.2,-22.0,213.7,-0.274015,0.309815,-1.614697*1B
$CV1,50,5907,1,0,-26.6,-25.1,217.1,-0.273474,0.311341,-1.605505*1C
$CV1,51,6038,1,0,-5.8,-28.2,225.2,-0.350897,0.386329,-1.590457*20
$CV1,52,6180,1,0,7.5,-23.2,230.6,-0.424842,0.417882,-1.613239*07
$CV1,53,6341,1,0,7.5,-17.0,234.4,-0.445261,0.406521,-1.644515*09
$CV1,54,6448,1,0,6.1,-13.4,237.5,-0.458861,0.390307,-1.661096*02
$CV1,55,6562,1,0,4.9,-10.1,239.2,-0.473390,0.372616,-1.662401*03
$CV1,56,6673,1,0,-1.3,-6.3,238.6,-0.469209,0.336746,-1.659629*1F
$CV1,57,6794,1,0,-4.7,-6.3,239.7,-0.452289,0.318990,-1.648168*1C
$CV1,58,6917,1,0,-4.2,-5.7,242.7,-0.450657,0.314454,-1.641798*14
$CV1,59,7045,1,0,-11.4,-2.8,244.4,-0.550990,0.260039,-1.647299*2F
$CV1,60,7169,1,0,-15.2,-5.1,243.3,-0.667763,0.254613,-1.610657*2E
$CV1,61,7276,1,0,-15.1,-6.7,243.3,-0.651643,0.262337,-1.624383*2F
$CV1,62,7398,1,0,-10.4,-10.3,248.7,-0.487731,0.308698,-1.681683*1B
$CV1,63,7514,1,0,-2.8,-11.2,243.4,-0.448489,0.374558,-1.714540*29
$CV1,64,7633,1,0,8.0,-0.1,228.3,-0.543692,0.387291,-1.716022*31
$CV1,65,7759,1,0,23.9,12.3,220.5,-0.509613,0.275377,-1.650918*1E
$CV1,66,7877,1,0,39.1,19.1,219.6,-0.372736,0.229035,-1.593523*15
$CV1,67,7983,1,0,33.6,19.0,217.9,-0.346631,0.248766,-1.531191*11
$CV1,68,8099,1,0,32.9,17.3,216.6,-0.332636,0.246513,-1.528999*1C
$CV1,69,8216,1,0,32.6,15.4,215.0,-0.331939,0.248172,-1.526729*12
$CV1,70,8346,1,0,32.8,15.2,215.0,-0.332423,0.255182,-1.531947*10
$CV1,71,8457,1,0,34.3,14.6,215.5,-0.336481,0.263082,-1.538659*1A
$CV1,72,8578,1,0,36.4,11.9,215.9,-0.334243,0.274065,-1.550561*15
$CV1,73,8682,1,0,36.8,3.5,213.2,-0.314737,0.285762,-1.556322*21
$CV1,74,8809,1,0,28.6,-4.7,209.7,-0.275871,0.267362,-1.566032*0E
$CV1,75,8935,1,0,17.3,-9.6,205.0,-0.222671,0.219272,-1.568798*03
$CV1,76,9057,1,0,8.6,-11.3,200.3,-0.181474,0.169095,-1.566928*04
$CV1,77,9180,1,0,3.3,-11.1,198.1,-0.158348,0.146733,-1.575648*03
$CV1,78,9281,1,0,-5.2,-9.5,195.4,-0.123737,0.104012,-1.590133*13
$CV1,79,9403,1,0,-10.0,-9.1,192.9,-0.094950,0.074768,-1.594538*23
$CV1,80,9511,1,0,-9.1,-9.4,192.4,-0.092076,0.067620,-1.592056*19
$CV1,81,9616,1,0,-8.2,-9.0,190.5,-0.092990,0.068297,-1.589778*1E
$CV1,82,9731,1,0,-9.0,-8.0,189.3,-0.087359,0.063430,-1.591014*1A
$CV1,83,9842,1,0,-12.0,-6.8,188.9,-0.076338,0.053827,-1.593130*22
$CV1,84,9984,1,0,-13.3,-5.8,189.8,-0.068114,0.052624,-1.596545*23
$CV1,85,10097,1,0,-13.6,-5.7,190.4,-0.066271,0.057171,-1.596430*10
$CV1,86,10201,1,0,-13.9,-5.6,190.5,-0.063859,0.061903,-1.596988*12
$CV1,87,10322,1,0,-14.2,-5.8,190.8,-0.062707,0.066799,-1.597503*1D
$CV1,88,10439,1,0,-14.2,-6.6,191.5,-0.062801,0.068727,-1.596285*14
$CV1,89,10548,1,0,-13.9,-7.3,192.0,-0.064348,0.070933,-1.593964*1F
$CV1,90,10667,1,0,-13.5,-7.6,191.9,-0.066763,0.072735,-1.593292*1D
$CV1,91,10804,1,0,-13.2,-7.6,192.0,-0.067472,0.072413,-1.593432*13
$CV1,92,10914,1,0,-12.9,-7.6,192.7,-0.069586,0.073229,-1.594186*1A
$CV1,93,11014,1,0,-12.4,-7.5,192.7,-0.071663,0.072659,-1.593793*1B
$CV1,94,11131,1,0,-12.2,-7.5,192.6,-0.072554,0.074984,-1.593925*13
$CV1,95,11247,1,0,-10.7,-8.1,194.0,-0.072159,0.082346,-1.588677*1A
$CV1,96,11360,1,0,-0.5,-9.6,198.2,-0.111480,0.114611,-1.579208*28
$CV1,97,11492,1,0,-1.1,-9.4,198.1,-0.113111,0.116104,-1.584673*23
$CV1,98,11605,1,0,-1.6,-9.5,198.0,-0.112428,0.117481,-1.586007*27
$CV1,99,11747,1,0,-1.5,-10.2,198.0,-0.109554,0.117226,-1.584786*1A
$CV1,100,11888,1,0,-0.5,-11.6,197.9,-0.110299,0.123141,-1.580674*26
$CV1,101,11996,1,0,0.1,-11.9,197.8,-0.113416,0.129734,-1.582831*0F
$CV1,102,12126,1,0,1.1,-12.2,197.6,-0.113895,0.135743,-1.581450*09
$CV1,103,12227,1,0,1.5,-12.3,197.8,-0.115604,0.139594,-1.582320*06
$CV1,104,12348,1,0,1.8,-13.2,198.2,-0.116037,0.144610,-1.583555*04
$CV1,105,12507,1,0,2.5,-14.6,197.6,-0.115730,0.148846,-1.578960*02
$CV1,106,12621,1,0,2.3,-14.5,197.5,-0.114436,0.153023,-1.580065*0E
$CV1,107,12723,1,0,1.8,-13.7,198.1,-0.116221,0.154461,-1.585518*07
$CV1,108,12852,1,0,2.3,-14.2,198.1,-0.116378,0.154195,-1.584342*00
$CV1,109,12981,1,0,2.5,-15.4,197.3,-0.114343,0.152549,-1.580941*06
$CV1,110,13102,1,0,2.7,-16.6,196.8,-0.111551,0.151780,-1.578143*0C
$CV1,111,13223,1,0,2.8,-16.7,196.2,-0.112502,0.155104,-1.576083*01
$CV1,112,13330,1,0,2.3,-15.5,196.2,-0.114565,0.157217,-1.581827*01
$CV1,113,13460,1,0,2.4,-14.8,196.5,-0.113970,0.155590,-1.583352*00
$CV1,114,13584,1,0,2.4,-14.7,196.4,-0.115283,0.153689,-1.583405*0B
$CV1,115,13720,1,0,2.7,-15.0,196.0,-0.114527,0.152603,-1.581453*0D
$CV1,116,13838,1,0,2.7,-14.8,196.0,-0.115511,0.152524,-1.581774*05
$CV1,117,13961,1,0,2.5,-14.4,196.4,-0.116151,0.152497,-1.584509*04
$CV1,118,14082,1,0,2.6,-14.1,196.8,-0.117703,0.152370,-1.584122*01
$CV1,119,14203,1,0,2.4,-13.9,196.8,-0.119872,0.152082,-1.584659*04
$CV1,120,14307,1,0,2.1,-13.7,196.7,-0.119714,0.151727,-1.584568*0A
$CV1,121,14439,1,0,2.2,-13.6,197.3,-0.120112,0.151677,-1.584589*07
$CV1,122,14547,1,0,2.1,-13.0,197.5,-0.122767,0.152864,-1.586630*05
$CV1,123,14649,1,0,2.2,-12.8,197.5,-0.122589,0.152196,-1.587516*03
$CV1,124,14782,1,0,2.6,-13.3,197.4,-0.122438,0.151645,-1.585154*0C
$CV1,125,14908,1,0,2.7,-13.3,197.2,-0.122121,0.151496,-1.585860*09
$CV1,126,15017,1,0,2.9,-13.1,197.7,-0.123055,0.151697,-1.585448*03
$CV1,127,15119,1,0,2.7,-12.3,198.1,-0.126277,0.152595,-1.589221*09
$CV1,128,15233,1,0,2.8,-12.0,197.9,-0.126264,0.152431,-1.589812*01
$CV1,129,15363,1,0,3.1,-12.1,198.1,-0.126036,0.152771,-1.588719*0D
$CV1,130,15469,1,0,3.1,-11.9,198.4,-0.127004,0.152623,-1.590121*04
$CV1,131,15592,1,0,3.4,-11.7,198.2,-0.127995,0.153378,-1.589827*01
$CV1,132,15732,1,0,3.3,-11.4,197.8,-0.127960,0.152633,-1.591658*05
$CV1,133,15852,1,0,3.3,-11.5,198.2,-0.127921,0.152855,-1.589545*04
$CV1,134,15958,1,0,3.0,-11.2,198.5,-0.128198,0.152872,-1.591495*0E
$CV1,135,16072,1,0,3.0,-11.1,198.8,-0.127836,0.152174,-1.591273*00
$CV1,136,16190,1,0,2.9,-10.8,198.5,-0.127602,0.153254,-1.592252*0A
$CV1,137,16315,1,0,2.9,-11.0,198.6,-0.127242,0.150772,-1.591159*07
$CV1,138,16418,1,0,2.8,-10.7,198.5,-0.127862,0.150375,-1.591418*0D
$CV1,139,16518,1,0,2.6,-10.4,198.3,-0.128137,0.150561,-1.593329*04
$CV1,140,16646,1,0,2.7,-10.4,198.3,-0.127612,0.149036,-1.591939*0A
$CV1,141,16746,1,0,2.4,-10.4,198.3,-0.127168,0.149725,-1.592402*00
$CV1,142,16847,1,0,2.4,-10.2,198.3,-0.127773,0.149753,-1.592250*07
$CV1,143,16965,1,0,1.9,-9.6,198.6,-0.127996,0.151476,-1.595585*30
$CV1,144,17086,1,0,2.1,-9.6,198.4,-0.126950,0.149477,-1.594512*37
$CV1,145,17200,1,0,2.3,-10.0,198.6,-0.127194,0.149319,-1.593152*0D
$CV1,146,17308,1,0,2.3,-10.0,198.6,-0.128364,0.148029,-1.592876*0A
$CV1,147,17424,1,0,2.2,-9.9,198.1,-0.128376,0.149199,-1.593916*3B
$CV1,148,17541,1,0,2.3,-10.0,198.0,-0.127957,0.148743,-1.591948*08
$CV1,149,17643,1,0,2.0,-9.6,198.4,-0.128746,0.148699,-1.593910*39
$CV1,150,17766,1,0,1.9,-9.3,198.7,-0.128493,0.149139,-1.595235*36
$CV1,151,17885,1,0,2.1,-9.3,199.0,-0.129153,0.148848,-1.594305*3D
$CV1,152,18001,1,0,2.1,-8.8,199.0,-0.129711,0.148511,-1.596544*3F
$CV1,153,18120,1,0,2.5,-8.7,199.4,-0.128649,0.148846,-1.595913*3C
$CV1,154,18234,1,0,3.5,-8.5,200.3,-0.131381,0.153093,-1.595639*3E
$CV1,155,18378,1,0,6.4,-8.6,200.9,-0.143436,0.163564,-1.594357*37
$CV1,156,18496,1,0,8.9,-8.6,201.7,-0.152048,0.172938,-1.593199*30
$CV1,157,18600,1,0,12.2,-8.4,203.8,-0.167286,0.188618,-1.592454*08
$CV1,158,18720,1,0,16.0,-7.9,205.7,-0.183843,0.204660,-1.593438*03
$CV1,159,18828,1,0,16.8,-7.7,206.2,-0.187005,0.207324,-1.594160*02
$CV1,160,18943,1,0,18.9,-7.8,206.9,-0.196129,0.216426,-1.593531*02
$CV1,161,19082,1,0,18.9,-8.2,207.1,-0.194949,0.216635,-1.592809*01
$CV1,162,19197,1,0,19.1,-8.4,207.8,-0.195925,0.217561,-1.591834*04
$CV1,163,19340,1,0,19.3,-8.6,207.5,-0.197546,0.216924,-1.591745*0E
$CV1,164,19462,1,0,19.8,-9.2,207.8,-0.196008,0.217863,-1.588837*02
$CV1,165,19575,1,0,20.7,-9.7,209.9,-0.198197,0.222071,-1.584758*05
$CV1,166,19692,1,0,21.3,-9.4,211.8,-0.204241,0.225984,-1.587056*02
$CV1,167,19805,1,0,22.1,-8.8,214.0,-0.207811,0.229738,-1.589853*08
$CV1,168,19912,1,0,23.1,-8.3,215.1,-0.212513,0.231627,-1.588891*08
$CV1,169,20029,1,0,23.1,-7.7,215.4,-0.215930,0.228376,-1.590631*02
$CV1,170,20144,1,0,21.3,-4.2,215.9,-0.220371,0.207328,-1.593744*04
$CV1,171,20277,1,0,17.2,1.7,216.9,-0.213869,0.167579,-1.597998*22
$CV1,172,20421,1,0,11.3,9.2,218.2,-0.213522,0.117821,-1.600661*2A
$CV1,173,20553,1,0,2.4,16.5,218.4,-0.208955,0.059500,-1.604936*2F
$CV1,174,20654,1,0,-4.0,19.8,216.5,-0.194815,0.020398,-1.604508*05
$CV1,175,20762,1,0,-9.6,19.0,212.9,-0.176717,-0.009931,-1.597617*21
$CV1,176,20891,1,0,-13.7,17.3,207.4,-0.155615,-0.024595,-1.585823*1A
$CV1,177,20995,1,0,-20.7,18.5,203.2,-0.131681,-0.045117,-1.584641*18
$CV1,178,21134,0,-1,0.0,0.0,0.0,0.000000,0.000000,0.000000*33
$CV1,179,21245,0,-1,0.0,0.0,0.0,0.000000,0.000000,0.000000*37
$CV1,180,21377,0,-1,0.0,0.0,0.0,0.000000,0.000000,0.000000*31
$CV1,181,21521,1,0,-55.3,18.7,201.2,-0.075768,-0.091896,-1.614516*10
$CV1,182,21633,1,0,-61.6,15.9,201.5,-0.085975,-0.070003,-1.629880*1F
$CV1,183,21754,1,0,-69.8,16.8,202.5,-0.104165,-0.031745,-1.620234*14
$CV1,184,21889,1,0,-76.4,16.7,206.8,-0.092869,-0.007273,-1.598431*15
$CV1,185,21990,1,0,-77.1,15.0,207.9,-0.099786,-0.011464,-1.589289*1A
$CV1,186,22094,1,0,-77.3,12.6,207.3,-0.105033,-0.003676,-1.569417*1E
$CV1,187,22219,1,0,-77.1,9.6,210.7,-0.105139,-0.012292,-1.549338*2F
$CV1,188,22339,1,0,-81.7,8.3,212.7,-0.100499,0.001324,-1.554990*07
$CV1,189,22461,1,0,-83.1,7.4,212.4,-0.094637,0.016834,-1.572126*04
$CV1,190,22591,1,0,-82.9,5.5,215.1,-0.075286,0.008583,-1.544251*03
$CV1,191,22724,1,0,-82.1,4.6,214.4,-0.114535,-0.002324,-1.537056*24
$CV1,192,22836,1,0,-81.4,3.8,212.0,-0.100939,0.042770,-1.536775*08
$CV1,193,22969,0,-1,0.0,0.0,0.0,0.000000,0.000000,0.000000*35
$CV1,194,23090,0,-1,0.0,0.0,0.0,0.000000,0.000000,0.000000*3C
$CV1,195,23204,0,-1,0.0,0.0,0.0,0.000000,0.000000,0.000000*32
$CV1,196,23315,1,0,-72.1,4.3,202.4,-0.036429,0.017408,-1.555408*0F
$CV1,197,23423,1,0,-68.8,5.4,202.5,-0.053549,0.029886,-1.563617*03
$CV1,198,23560,1,0,-65.2,1.5,198.3,-0.062156,0.009092,-1.552700*0C
$CV1,199,23695,1,0,-65.5,0.1,195.8,-0.057470,0.000992,-1.549914*06
$CV1,200,23798,1,0,-65.7,1.1,197.4,-0.044087,0.023791,-1.554329*0E
$CV1,201,23927,1,0,-65.6,1.1,198.1,-0.035499,0.025378,-1.553525*0B
$CV1,202,24063,1,0,-65.2,0.2,197.7,-0.043590,0.015747,-1.550176*0A
$CV1,203,24176,1,0,-65.0,-0.3,198.2,-0.042085,0.022122,-1.547473*2D
$CV1,204,24284,1,0,-64.8,-0.9,197.3,-0.026196,0.026434,-1.546511*2A
$CV1,205,24399,1,0,-64.8,-2.1,197.9,-0.045898,0.015081,-1.540617*2D
$CV1,206,24521,1,0,-64.6,-2.3,198.0,-0.050037,0.011644,-1.541109*2A
$CV1,207,24639,1,0,-64.2,-3.2,197.2,-0.051621,0.002975,-1.536160*28
$CV1,208,24764,1,0,-64.1,-2.5,197.4,-0.048603,0.014300,-1.538306*26
$CV1,209,24886,1,0,-64.1,-2.1,197.5,-0.057073,0.009178,-1.539304*2C
$CV1,210,25036,1,0,-63.8,-1.5,197.6,-0.044669,0.015948,-1.541882*2F
$CV1,211,25153,1,0,-63.7,-1.7,197.7,-0.052196,0.009859,-1.540671*2F
$CV1,212,25297,1,0,-63.6,-1.3,197.4,-0.050306,0.012519,-1.542167*29
$CV1,213,25422,1,0,-63.5,-0.6,197.7,-0.049942,0.015604,-1.545349*27
$CV1,214,25537,1,0,-63.3,-0.7,198.3,-0.056651,0.013383,-1.546267*28
$CV1,215,25648,1,0,-63.0,-1.0,198.4,-0.052672,0.014672,-1.544561*2A
$CV1,216,25785,1,0,-63.0,-0.4,198.0,-0.055303,0.012734,-1.546932*21
$CV1,217,25913,1,0,-62.9,-0.1,198.8,-0.055178,0.018624,-1.548141*22
$CV1,218,26047,1,0,-62.8,0.3,199.0,-0.057439,0.013596,-1.548732*00
$CV1,219,26183,1,0,-63.0,1.8,198.8,-0.060196,0.020963,-1.553885*09
$CV1,220,26300,1,0,-62.8,1.5,199.0,-0.057617,0.014579,-1.552494*00
$CV1,221,26426,1,0,-61.8,1.2,199.5,-0.059988,0.021707,-1.549325*0E
$CV1,222,26555,1,0,-61.5,2.7,200.1,-0.056912,0.032456,-1.555271*00
$CV1,223,26699,1,0,-61.5,3.0,202.1,-0.063537,0.025431,-1.555232*0B
$CV1,224,26817,1,0,-61.7,3.8,206.7,-0.065865,0.033660,-1.558003*0C
$CV1,225,26919,1,0,-62.3,5.9,213.1,-0.080893,0.042692,-1.562940*0E
$CV1,226,27031,1,0,-63.3,8.2,220.5,-0.093398,0.047219,-1.568097*05
$CV1,227,27151,1,0,-65.1,11.0,227.6,-0.097448,0.051160,-1.576321*3C
$CV1,228,27269,1,0,-65.8,12.9,233.8,-0.107028,0.052754,-1.579341*32
$CV1,229,27389,1,0,-66.6,12.8,236.8,-0.114043,0.050397,-1.574432*3D
$CV1,230,27526,1,0,-66.2,12.5,239.4,-0.109539,0.054758,-1.573553*3A
$CV1,231,27659,1,0,-65.0,11.2,237.6,-0.112180,0.054392,-1.567998*39
$CV1,232,27776,1,0,-64.5,10.8,236.7,-0.108461,0.054139,-1.569501*39
$CV1,233,27895,1,0,-64.5,10.6,238.8,-0.108995,0.058868,-1.568551*36
$CV1,234,27997,1,0,-64.3,11.0,240.1,-0.116065,0.051649,-1.569856*33
$CV1,235,28124,1,0,-63.9,11.2,240.9,-0.110879,0.057373,-1.568914*35
$CV1,236,28276,1,0,-63.4,11.0,237.3,-0.118310,0.062560,-1.567918*3A
$CV1,237,28400,1,0,-63.7,10.5,222.1,-0.109071,0.040688,-1.570608*34
$CV1,238,28518,1,0,-64.8,7.4,202.2,-0.079685,-0.005208,-1.563337*2D
$CV1,239,28629,1,0,-64.5,5.5,184.7,-0.036854,-0.015844,-1.563098*27
$CV1,240,28732,1,0,-63.3,4.4,173.6,-0.013540,-0.017546,-1.563410*2C
$CV1,241,28838,0,-1,0.0,0.0,0.0,0.000000,0.000000,0.000000*36
$CV1,242,28946,0,-1,0.0,0.0,0.0,0.000000,0.000000,0.000000*3D
$CV1,243,29055,0,-1,0.0,0.0,0.0,0.000000,0.000000,0.000000*36
$CV1,244,29189,0,-1,0.0,0.0,0.0,0.000000,0.000000,0.000000*31
$CV1,245,29307,0,-1,0.0,0.0,0.0,0.000000,0.000000,0.000000*34
$CV1,246,29429,0,-1,0.0,0.0,0.0,0.000000,0.000000,0.000000*3C
$CV1,247,29571,1,0,-57.5,-7.7,166.2,0.004826,-0.025463,-1.541152*21
$CV1,248,29701,1,0,-56.0,-9.8,167.4,0.004826,-0.039067,-1.543203*21
$CV1,249,29834,1,0,-54.2,-13.6,170.4,0.023181,-0.039925,-1.544063*17
$CV1,250,29966,1,0,-52.7,-18.4,175.9,0.000833,-0.005672,-1.538059*1A
$CV1,251,30114,1,0,-51.1,-17.7,176.6,0.010728,-0.004420,-1.539687*1F
$CV1,252,30248,1,0,-49.8,-15.8,174.5,0.008186,-0.020586,-1.548807*1A
$CV1,253,30351,1,0,-48.1,-15.4,173.9,0.018473,-0.018829,-1.551731*12
$CV1,254,30473,1,0,-45.6,-15.1,174.6,0.016957,-0.021612,-1.554033*1C
$CV1,255,30577,1,0,-43.5,-15.4,176.1,0.019398,-0.011916,-1.551065*15
$CV1,256,30677,1,0,-42.7,-14.9,177.2,0.008556,-0.008940,-1.552394*19
$CV1,257,30793,1,0,-42.6,-13.8,176.8,0.008168,-0.008935,-1.557004*1B
$CV1,258,30897,1,0,-43.0,-12.5,177.7,0.007749,-0.010989,-1.560534*1C
$CV1,259,31037,1,0,-43.0,-9.2,183.5,0.008493,0.015538,-1.567751*09
$CV1,260,31195,1,0,-41.8,-5.2,193.6,0.004022,0.051923,-1.579972*0A
$CV1,261,31320,1,0,-40.7,-3.6,208.2,-0.008367,0.087459,-1.582194*22
$CV1,262,31444,1,0,-39.8,-1.8,223.3,-0.041708,0.122752,-1.582623*2C
$CV1,263,31571,1,0,-39.8,-0.2,233.0,-0.058269,0.132787,-1.585300*23
$CV1,264,31700,1,0,-40.0,1.3,239.4,-0.058374,0.142556,-1.589166*0F
$CV1,265,31837,1,0,-39.2,1.9,245.3,-0.063750,0.155497,-1.590887*01
$CV1,266,31973,1,0,-38.3,1.3,248.4,-0.090400,0.126824,-1.585779*03
$CV1,267,32104,1,0,-37.7,1.1,250.0,-0.119181,0.090020,-1.583981*0E
$CV1,268,32213,1,0,-37.7,1.4,248.2,-0.090294,0.110022,-1.587146*01
$CV1,269,32313,1,0,-37.6,1.2,244.4,-0.059606,0.139469,-1.586978*02
$CV1,270,32447,1,0,-37.8,-0.4,230.9,-0.053671,0.096927,-1.586247*28
$CV1,271,32585,1,0,-37.2,-2.9,219.4,-0.026853,0.077662,-1.581595*27
$CV1,272,32721,1,0,-36.4,-4.8,207.3,-0.014807,0.055752,-1.580131*29
$CV1,273,32850,1,0,-35.9,-6.2,193.4,-0.002909,0.007727,-1.581317*24
$CV1,274,32979,1,0,-35.8,-6.8,184.1,0.012600,-0.016741,-1.583342*24
$CV1,275,33108,1,0,-35.3,-7.8,176.8,0.017459,-0.033654,-1.582690*26
$CV1,276,33227,1,0,-34.8,-7.9,171.9,0.022045,-0.048975,-1.583325*23
$CV1,277,33352,1,0,-35.0,-8.1,171.7,0.025603,-0.039843,-1.582302*24
$CV1,278,33468,1,0,-34.7,-8.1,172.2,0.028413,-0.029245,-1.582785*2D
$CV1,279,33605,1,0,-34.3,-8.4,173.4,0.024792,-0.037757,-1.580574*22
$CV1,280,33722,1,0,-34.5,-7.6,177.8,0.026851,-0.016844,-1.582689*2C
$CV1,281,33830,1,0,-34.8,-6.8,185.6,0.025129,0.013449,-1.582381*01
$CV1,282,33940,1,0,-34.6,-5.8,197.6,0.017166,0.064318,-1.581255*08
$CV1,283,34073,1,0,-34.4,-4.7,208.5,0.002094,0.092580,-1.582546*0D
$CV1,284,34210,1,0,-34.7,-3.9,216.0,-0.005210,0.109416,-1.584707*25
$CV1,285,34317,1,0,-35.0,-4.1,220.3,-0.015972,0.113076,-1.582324*29
$CV1,286,34441,1,0,-34.4,-4.3,229.9,-0.023501,0.142527,-1.581445*21
$CV1,287,34582,1,0,-33.4,-3.7,235.1,-0.036013,0.156394,-1.581299*21
$CV1,288,34703,1,0,-33.4,-2.8,235.0,-0.031041,0.150856,-1.584567*2A
$CV1,289,34804,1,0,-33.3,-2.8,235.7,-0.032607,0.152945,-1.585223*23
$CV1,290,34933,1,0,-33.1,-3.3,236.4,-0.031523,0.158548,-1.584255*2B
$CV1,291,35058,1,0,-33.1,-4.3,235.8,-0.022524,0.170295,-1.582556*2D
$CV1,292,35179,1,0,-33.2,-5.3,235.0,0.013093,0.236314,-1.584951*04
$CV1,293,35295,1,0,-34.2,-7.7,228.9,0.100315,0.302470,-1.579313*03
$CV1,294,35435,1,0,-34.0,-7.5,221.7,0.152370,0.332445,-1.582135*0C
$CV1,295,35535,1,0,-33.2,-5.4,218.8,0.186580,0.353237,-1.593244*0E
$CV1,296,35671,1,0,-32.6,-4.1,213.8,0.242030,0.395890,-1.597666*0C
$CV1,297,35774,1,0,-32.0,-3.1,211.6,0.264989,0.406462,-1.606961*04
$CV1,298,35903,1,0,-31.7,-2.8,209.9,0.301573,0.451190,-1.610839*05
$CV1,299,36017,1,0,-31.7,-1.9,208.1,0.312891,0.451494,-1.617422*03
$CV1,300,36135,1,0,-31.9,-1.0,207.0,0.317179,0.448867,-1.621976*01
$CV1,301,36269,1,0,-31.9,-0.7,206.9,0.316655,0.447485,-1.622041*0D
$CV1,302,36396,1,0,-31.6,-0.5,206.4,0.324958,0.453764,-1.621551*02
$CV1,303,36512,1,0,-31.6,-0.6,205.9,0.321661,0.444430,-1.620132*00
$CV1,304,36668,1,0,-31.9,0.4,204.8,0.305528,0.425723,-1.626234*24
$CV1,305,36795,1,0,-32.1,1.5,206.6,0.148040,0.296853,-1.646025*23
$CV1,306,36923,1,0,-31.8,1.6,210.3,0.024801,0.178848,-1.652515*24
$CV1,307,37047,1,0,-31.8,1.8,215.4,-0.069969,0.077181,-1.653593*05
$CV1,308,37167,1,0,-31.9,1.1,220.4,-0.170844,-0.008768,-1.645714*2E
$CV1,309,37279,1,0,-31.3,2.2,223.9,-0.271772,-0.074462,-1.643471*2B
$CV1,310,37404,1,0,-30.2,4.7,224.9,-0.378239,-0.137851,-1.643319*2A
$CV1,311,37523,1,0,-29.4,8.5,224.7,-0.464318,-0.193895,-1.649720*2B
$CV1,312,37631,1,0,-29.0,10.7,224.5,-0.494540,-0.219931,-1.656049*19
$CV1,313,37742,1,0,-29.1,10.5,224.3,-0.537936,-0.245218,-1.646677*1E
$CV1,314,37889,1,0,-29.0,10.2,224.7,-0.519514,-0.229429,-1.647082*10
$CV1,315,38016,1,0,-29.0,9.8,224.9,-0.527113,-0.231930,-1.645050*23
$CV1,316,38130,1,0,-29.2,9.2,224.1,-0.529814,-0.243718,-1.642110*26
$CV1,317,38271,1,0,-29.0,9.2,224.3,-0.523734,-0.234379,-1.644049*2E
$CV1,318,38375,1,0,-28.9,8.8,224.0,-0.519045,-0.234839,-1.642415*28
$CV1,319,38480,1,0,-29.0,8.4,223.6,-0.530311,-0.242028,-1.638567*28
$CV1,320,38591,1,0,-29.2,8.5,223.8,-0.516977,-0.234933,-1.642010*2A
$CV1,321,38711,1,0,-29.9,7.6,222.6,-0.436920,-0.206890,-1.649414*2A
$CV1,322,38840,1,0,-31.2,4.5,216.4,-0.271686,-0.172840,-1.651202*26
$CV1,323,38988,1,0,-31.8,1.7,205.1,-0.084206,-0.154016,-1.648692*26
$CV1,324,39091,1,0,-32.4,0.5,201.3,0.002357,-0.096141,-1.643983*05
$CV1,325,39201,1,0,-33.0,0.8,199.9,0.125375,0.095435,-1.640546*25
$CV1,326,39334,1,0,-32.9,4.4,196.6,0.245195,0.202316,-1.646531*24
$CV1,327,39443,1,0,-31.5,6.5,188.1,0.232739,0.078843,-1.659185*27
$CV1,328,39577,1,0,-30.7,2.0,182.6,0.091495,-0.257286,-1.655737*0D
$CV1,329,39685,1,0,-30.7,-4.4,185.1,0.037795,-0.401554,-1.623346*2C
$CV1,330,39790,1,0,-29.9,-5.9,186.2,0.040465,-0.430457,-1.610776*20
$CV1,331,39924,1,0,-26.8,-5.0,180.7,0.092115,-0.468707,-1.605895*24
$CV1,332,40027,0,-1,0.0,0.0,0.0,0.000000,0.000000,0.000000*3B
$CV1,333,40140,0,-1,0.0,0.0,0.0,0.000000,0.000000,0.000000*3A
$CV1,334,40262,0,-1,0.0,0.0,0.0,0.000000,0.000000,0.000000*3E
$CV1,335,40391,1,0,-20.2,-4.6,169.2,0.159357,-0.579071,-1.601984*23
$CV1,336,40500,0,-1,0.0,0.0,0.0,0.000000,0.000000,0.000000*3F
$CV1,337,40603,0,-1,0.0,0.0,0.0,0.000000,0.000000,0.000000*3E
$CV1,338,40709,0,-1,0.0,0.0,0.0,0.000000,0.000000,0.000000*3A
$CV1,339,40826,0,-1,0.0,0.0,0.0,0.000000,0.000000,0.000000*39
$CV1,340,40956,1,0,-27.8,12.6,192.9,0.098137,-0.085726,-1.705838*30
$CV1,341,41088,1,0,-28.2,13.9,205.3,0.020274,0.144170,-1.713025*16
$CV1,342,41199,1,0,-28.1,11.1,206.2,-0.052172,0.160951,-1.698251*3C
$CV1,343,41308,1,0,-26.6,7.4,206.8,-0.165547,0.165449,-1.679837*05
$CV1,344,41436,1,0,-24.4,7.6,202.7,-0.201726,0.203490,-1.687229*06
$CV1,345,41579,1,0,-24.2,7.5,197.0,-0.219740,0.185745,-1.688019*01
$CV1,346,41719,1,0,-23.4,6.7,194.8,-0.258155,0.181033,-1.687077*0D
$CV1,347,41825,1,0,-22.6,5.7,195.8,-0.269661,0.200025,-1.684943*0F
$CV1,348,41946,1,0,-21.3,3.9,198.6,-0.336389,0.201574,-1.669751*0F
$CV1,349,42079,1,0,-20.5,3.2,200.3,-0.355873,0.223276,-1.663599*01
$CV1,350,42195,1,0,-20.7,2.1,201.1,-0.344124,0.230816,-1.659179*0F
$CV1,351,42305,1,0,-21.0,1.8,201.3,-0.334750,0.232944,-1.657862*00
$CV1,352,42426,1,0,-21.3,2.2,201.0,-0.318559,0.239609,-1.660962*01
$CV1,353,42550,1,0,-21.8,2.0,200.3,-0.308262,0.233984,-1.659375*03
$CV1,354,42654,1,0,-22.0,1.8,200.7,-0.295907,0.242966,-1.660297*07
$CV1,355,42789,1,0,-22.1,0.9,201.6,-0.284309,0.246127,-1.659419*01
$CV1,356,42917,1,0,-22.0,0.7,203.2,-0.279070,0.255651,-1.660212*0E
$CV1,357,43026,1,0,-22.7,-0.7,204.5,-0.258773,0.251601,-1.659265*23
$CV1,358,43141,1,0,-24.5,-7.9,209.5,-0.220720,0.244458,-1.652759*2E
$CV1,359,43293,1,0,-29.2,-29.8,219.3,-0.157329,0.193723,-1.626261*16
$CV1,360,43417,0,-1,0.0,0.0,0.0,0.000000,0.000000,0.000000*38
$CV1,361,43534,0,-1,0.0,0.0,0.0,0.000000,0.000000,0.000000*39
$CV1,362,43655,0,-1,0.0,0.0,0.0,0.000000,0.000000,0.000000*3E
$CV1,363,43778,0,-1,0.0,0.0,0.0,0.000000,0.000000,0.000000*31
$CV1,364,43913,0,-1,0.0,0.0,0.0,0.000000,0.000000,0.000000*35
$CV1,365,44039,0,-1,0.0,0.0,0.0,0.000000,0.000000,0.000000*32
$CV1,366,44153,0,-1,0.0,0.0,0.0,0.000000,0.000000,0.000000*3C
$CV1,367,44301,0,-1,0.0,0.0,0.0,0.000000,0.000000,0.000000*38
$CV1,368,44411,0,-1,0.0,0.0,0.0,0.000000,0.000000,0.000000*31
$CV1,369,44527,0,-1,0.0,0.0,0.0,0.000000,0.000000,0.000000*34
$CV1,370,44636,1,0,-24.3,-33.1,221.7,-0.136260,0.070905,-1.570722*1F
$CV1,371,44772,1,0,-21.0,-16.1,212.4,0.015066,0.052273,-1.632335*39
$CV1,372,44902,1,0,-19.2,-13.0,203.6,0.048287,0.077483,-1.639204*3F
$CV1,373,45015,1,0,-17.9,-14.5,193.3,0.057269,0.072611,-1.635635*30
$CV1,374,45138,0,-1,0.0,0.0,0.0,0.000000,0.000000,0.000000*33
$CV1,375,45240,0,-1,0.0,0.0,0.0,0.000000,0.000000,0.000000*3E
$CV1,376,45343,0,-1,0.0,0.0,0.0,0.000000,0.000000,0.000000*3F
$CV1,377,45444,1,0,-15.8,-8.4,190.4,0.130327,0.121250,-1.655209*0F
$CV1,378,45547,1,0,-14.2,-1.5,194.1,0.106705,0.134771,-1.683327*05
$CV1,379,45693,1,0,-13.8,-2.8,198.0,0.002192,0.052189,-1.675755*05
$CV1,380,45832,1,0,-11.9,0.1,200.7,0.010608,0.090198,-1.687742*24
$CV1,381,45972,1,0,-11.7,0.3,200.5,-0.007840,0.067626,-1.686025*0A
$CV1,382,46074,1,0,-12.0,1.0,200.3,-0.002183,0.073804,-1.687852*04
$CV1,383,46183,1,0,-12.0,0.9,199.4,-0.018722,0.047136,-1.686260*03
$CV1,384,46286,1,0,-11.9,1.7,197.8,-0.017519,0.034257,-1.690249*0C
$CV1,385,46399,1,0,-12.0,1.2,198.7,-0.022986,0.036944,-1.686897*04
$CV1,386,46530,1,0,-11.8,0.5,197.8,-0.019386,0.031112,-1.683866*0A
$CV1,387,46660,1,0,-11.8,0.6,198.7,-0.020638,0.029692,-1.684683*00
$CV1,388,46781,1,0,-11.6,0.8,198.3,-0.016438,0.032533,-1.686530*09
$CV1,389,46886,1,0,-11.5,0.3,198.4,-0.017884,0.027834,-1.684351*08
$CV1,390,47002,1,0,-11.3,0.2,198.6,-0.014096,0.037102,-1.683590*09
$CV1,391,47102,1,0,-11.3,0.1,198.7,-0.015412,0.032586,-1.683878*04
$CV1,392,47204,1,0,-11.1,0.1,198.7,-0.011747,0.037667,-1.684169*00
$CV1,393,47316,1,0,-10.9,-0.9,198.3,-0.019585,0.030422,-1.680229*28
$CV1,394,47428,1,0,-11.1,-2.3,198.1,-0.003124,0.038790,-1.676485*29
$CV1,395,47567,1,0,-17.1,-13.0,199.2,0.034184,0.044506,-1.648421*33
$CV1,396,47692,1,0,-26.6,-23.6,194.6,0.057828,0.042426,-1.619368*31
$CV1,397,47797,1,0,-31.4,-26.0,192.6,0.121950,-0.070882,-1.618442*1B
$CV1,398,47917,1,0,-29.0,-27.0,195.5,0.113747,-0.049902,-1.612786*11
$CV1,399,48036,1,0,-24.5,-27.1,198.9,0.125442,-0.009589,-1.608251*11
$CV1,400,48171,1,0,-22.0,-26.7,199.2,0.085403,0.017993,-1.610564*39
$CV1,401,48299,1,0,-20.3,-23.0,198.0,0.054867,0.042295,-1.624854*3B
$CV1,402,48439,1,0,-17.7,-17.3,197.5,0.050282,0.044854,-1.644854*38
$CV1,403,48559,1,0,-14.8,-13.7,197.5,0.026737,0.033062,-1.650258*36
$CV1,404,48670,1,0,-11.9,-7.5,197.3,0.015719,0.035039,-1.667537*02
$CV1,405,48785,1,0,-11.0,-5.8,198.4,0.008309,0.036404,-1.669956*03
$CV1,406,48910,1,0,-10.4,-4.5,197.9,0.005170,0.030567,-1.676534*0C
$CV1,407,49023,1,0,-8.6,-1.6,195.9,0.005256,0.024256,-1.683828*37
$CV1,408,49131,1,0,-7.6,2.4,195.0,-0.002575,0.025911,-1.694266*33
$CV1,409,49231,1,0,-7.9,4.3,195.6,0.004267,0.044206,-1.697411*19
$CV1,410,49350,1,0,-9.2,1.9,194.6,0.049538,0.093311,-1.683777*13
$CV1,411,49487,1,0,-11.1,-0.3,186.9,0.295038,0.288553,-1.649633*06
$CV1,412,49618,1,0,-11.2,1.7,182.8,0.365459,0.323551,-1.650074*2D
$CV1,413,49737,1,0,-11.4,1.5,181.2,0.426843,0.363200,-1.639086*2F
$CV1,414,49849,1,0,-11.1,1.7,180.3,0.438800,0.363894,-1.639955*21
$CV1,415,49988,1,0,-10.5,3.7,182.5,0.297776,0.296895,-1.682342*24
$CV1,416,50104,1,0,-11.0,-1.5,191.8,-0.002340,0.010619,-1.701302*2F
$CV1,417,50237,1,0,-12.1,-8.0,198.5,-0.256142,-0.181533,-1.668815*08
$CV1,418,50376,1,0,-12.4,-8.6,198.4,-0.391819,-0.277576,-1.653750*01
$CV1,419,50507,0,-1,0.0,0.0,0.0,0.000000,0.000000,0.000000*33
$CV1,420,50609,0,-1,0.0,0.0,0.0,0.000000,0.000000,0.000000*34
$CV1,421,50753,1,0,-11.6,-5.3,200.5,-0.565273,-0.356981,-1.640739*02
$CV1,422,50895,1,0,-11.5,-5.4,199.2,-0.349535,-0.253360,-1.674747*06
$CV1,423,51019,1,0,-7.8,0.9,213.8,-0.275250,0.067449,-1.731424*36
$CV1,424,51178,1,0,-3.1,1.7,217.7,-0.362466,0.235521,-1.739331*3B
$CV1,425,51309,1,0,-3.6,-1.5,209.4,-0.352604,0.290366,-1.724183*12
$CV1,426,51430,1,0,-4.0,-0.9,200.7,-0.350557,0.318523,-1.735371*14
$CV1,427,51576,1,0,-2.4,-0.4,199.8,-0.340480,0.357026,-1.743277*12
$CV1,428,51689,1,0,-1.8,-1.4,201.1,-0.298085,0.385262,-1.740771*13
$CV1,429,51807,1,0,-7.1,-0.4,190.3,-0.177186,0.269819,-1.752283*13
$CV1,430,51937,1,0,-6.5,3.0,177.9,-0.106902,-0.049862,-1.788910*10
$CV1,431,52071,1,0,-1.0,2.5,182.9,-0.082443,-0.165556,-1.795062*15
$CV1,432,52189,1,0,1.7,0.3,193.7,-0.102069,-0.163848,-1.781008*38
$CV1,433,52310,1,0,1.4,-0.2,191.7,-0.103144,-0.210121,-1.778102*15
$CV1,434,52447,1,0,0.6,-0.4,182.9,-0.089593,-0.295479,-1.781443*10
$CV1,435,52591,0,-1,0.0,0.0,0.0,0.000000,0.000000,0.000000*30
$CV1,436,52713,0,-1,0.0,0.0,0.0,0.000000,0.000000,0.000000*3B
$CV1,437,52853,1,0,-4.2,-18.3,193.2,-0.103369,-0.282679,-1.742693*06
$CV1,438,52989,1,0,-8.1,-41.5,203.9,-0.153866,-0.405588,-1.673071*07
$CV1,439,53099,0,-1,0.0,0.0,0.0,0.000000,0.000000,0.000000*30
$CV1,440,53224,0,-1,0.0,0.0,0.0,0.000000,0.000000,0.000000*3A
$CV1,441,53325,0,-1,0.0,0.0,0.0,0.000000,0.000000,0.000000*3B
$CV1,442,53427,0,-1,0.0,0.0,0.0,0.000000,0.000000,0.000000*3D
$CV1,443,53561,0,-1,0.0,0.0,0.0,0.000000,0.000000,0.000000*3F
$CV1,444,53694,0,-1,0.0,0.0,0.0,0.000000,0.000000,0.000000*31
$CV1,445,53804,0,-1,0.0,0.0,0.0,0.000000,0.000000,0.000000*37
$CV1,446,53930,0,-1,0.0,0.0,0.0,0.000000,0.000000,0.000000*32
$CV1,447,54055,0,-1,0.0,0.0,0.0,0.000000,0.000000,0.000000*3E
$CV1,448,54186,1,0,-7.7,-23.8,198.2,0.103294,0.006108,-1.603373*04
$CV1,449,54313,1,0,-1.8,-2.0,196.1,0.003824,0.005141,-1.673811*32
$CV1,450,54424,1,0,-0.7,2.1,195.3,0.026763,0.044912,-1.688974*1C
$CV1,451,54537,1,0,-2.2,-4.0,194.8,0.001951,-0.004846,-1.669673*1D
$CV1,452,54667,1,0,-2.9,-6.5,193.9,0.034717,0.029739,-1.667695*3B
$CV1,453,54803,1,0,-3.5,-8.8,194.3,0.022769,0.010011,-1.659863*36
$CV1,454,54914,1,0,-4.1,-9.7,195.2,0.039535,0.036924,-1.657655*34
$CV1,455,55050,1,0,-7.0,-14.8,197.4,0.042298,0.037362,-1.640754*0B
$CV1,456,55173,1,0,-14.0,-25.8,199.7,0.066499,0.064990,-1.602369*39
$CV1,457,55305,0,-1,0.0,0.0,0.0,0.000000,0.000000,0.000000*38
$CV1,458,55436,0,-1,0.0,0.0,0.0,0.000000,0.000000,0.000000*30
$CV1,459,55559,0,-1,0.0,0.0,0.0,0.000000,0.000000,0.000000*39
$CV1,460,55662,0,-1,0.0,0.0,0.0,0.000000,0.000000,0.000000*38
$CV1,461,55804,1,0,-76.6,-34.6,220.4,-0.186588,0.086863,-1.558368*15
$CV1,462,55918,1,0,-80.3,-35.6,222.5,-0.133769,-0.059677,-1.546645*36
$CV1,463,56024,1,0,-81.8,-38.1,222.5,-0.128243,-0.054733,-1.542289*39
$CV1,464,56136,1,0,-85.6,-37.4,220.4,-0.133073,-0.046544,-1.550697*3D
$CV1,465,56264,1,0,-89.0,-37.2,220.0,-0.143950,-0.043524,-1.560227*30
$CV1,466,56391,1,0,-86.8,-38.9,220.7,-0.172061,-0.022183,-1.559422*32
$CV1,467,56495,1,0,-95.2,-39.8,221.6,-0.128224,-0.058990,-1.565443*3B
$CV1,468,56600,0,-1,0.0,0.0,0.0,0.000000,0.000000,0.000000*37
$CV1,469,56718,0,-1,0.0,0.0,0.0,0.000000,0.000000,0.000000*3E
$CV1,470,56822,0,-1,0.0,0.0,0.0,0.000000,0.000000,0.000000*30
$CV1,471,56952,0,-1,0.0,0.0,0.0,0.000000,0.000000,0.000000*37
$CV1,472,57077,0,-1,0.0,0.0,0.0,0.000000,0.000000,0.000000*3B
$CV1,473,57205,0,-1,0.0,0.0,0.0,0.000000,0.000000,0.000000*3D
$CV1,474,57312,0,-1,0.0,0.0,0.0,0.000000,0.000000,0.000000*3D
$CV1,475,57422,0,-1,0.0,0.0,0.0,0.000000,0.000000,0.000000*38
$CV1,476,57529,0,-1,0.0,0.0,0.0,0.000000,0.000000,0.000000*31
$CV1,477,57631,0,-1,0.0,0.0,0.0,0.000000,0.000000,0.000000*3A
$CV1,478,57742,0,-1,0.0,0.0,0.0,0.000000,0.000000,0.000000*30
$CV1,479,57856,0,-1,0.0,0.0,0.0,0.000000,0.000000,0.000000*3B
$CV1,480,57972,0,-1,0.0,0.0,0.0,0.000000,0.000000,0.000000*3A
$CV1,481,58094,0,-1,0.0,0.0,0.0,0.000000,0.000000,0.000000*35
$CV1,482,58208,0,-1,0.0,0.0,0.0,0.000000,0.000000,0.000000*31
$CV1,483,58323,0,-1,0.0,0.0,0.0,0.000000,0.000000,0.000000*38
$CV1,484,58429,0,-1,0.0,0.0,0.0,0.000000,0.000000,0.000000*32
$CV1,485,58540,0,-1,0.0,0.0,0.0,0.000000,0.000000,0.000000*3D
$CV1,486,58653,0,-1,0.0,0.0,0.0,0.000000,0.000000,0.000000*3F
$CV1,487,58775,0,-1,0.0,0.0,0.0,0.000000,0.000000,0.000000*3B
$CV1,488,58880,0,-1,0.0,0.0,0.0,0.000000,0.000000,0.000000*31
$CV1,489,58991,0,-1,0.0,0.0,0.0,0.000000,0.000000,0.000000*31
