[61 ms] id0 t=(-0.0274, +0.0011, +0.1758) m dist=0.1779 m z=0.1758 m R=[[-0.0466, 0.9833, 0.176], [-0.9979, -0.0538, 0.0363], [0.0452, -0.1739, 0.9837]] | $CV1,0,61,1,0,-27.4,1.1,175.8,-0.171530,0.106739,-1.616614*3D
[166 ms] id0 t=(-0.0264, +0.0037, +0.1817) m dist=0.1836 m z=0.1817 m R=[[-0.0499, 0.9808, 0.1884], [-0.9979, -0.0568, 0.0314], [0.0415, -0.1865, 0.9816]] | $CV1,1,166,1,0,-26.4,3.7,181.7,-0.178296,0.120228,-1.619160*03
[275 ms] id0 t=(-0.0251, +0.0076, +0.1905) m dist=0.1923 m z=0.1905 m R=[[-0.054, 0.9795, 0.1941], [-0.9974, -0.0623, 0.0371], [0.0485, -0.1916, 0.9803]] | $CV1,2,275,1,0,-25.1,7.6,190.5,-0.187875,0.119629,-1.623632*01
[379 ms] id0 t=(-0.0236, +0.0075, +0.1966) m dist=0.1982 m z=0.1966 m R=[[-0.051, 0.9801, 0.1917], [-0.9975, -0.0595, 0.0385], [0.0491, -0.1892, 0.9807]] | $CV1,3,379,1,0,-23.6,7.5,196.6,-0.186666,0.116826,-1.620834*02
[486 ms] id0 t=(-0.0211, +0.0047, +0.1957) m dist=0.1969 m z=0.1957 m R=[[-0.042, 0.9796, 0.1966], [-0.9978, -0.0512, 0.042], [0.0513, -0.1944, 0.9796]] | $CV1,4,486,1,0,-21.1,4.7,195.7,-0.192751,0.118493,-1.611857*0F
[596 ms] id0 t=(-0.0214, +0.0053, +0.1900) m dist=0.1912 m z=0.1900 m R=[[-0.0433, 0.9817, 0.1854], [-0.9973, -0.0536, 0.0505], [0.0596, -0.1827, 0.9814]] | $CV1,5,596,1,0,-21.4,5.3,190.0,-0.190256,0.102646,-1.614202*02
[702 ms] id0 t=(-0.0306, +0.0058, +0.1807) m dist=0.1834 m z=0.1807 m R=[[-0.0309, 0.9928, 0.1157], [-0.9976, -0.0378, 0.0586], [0.0625, -0.1137, 0.9916]] | $CV1,6,702,1,0,-30.6,5.8,180.7,-0.138692,0.042861,-1.602819*06
[806 ms] id0 t=(-0.0317, +0.0055, +0.1802) m dist=0.1831 m z=0.1802 m R=[[-0.0232, 0.9939, 0.1076], [-0.9974, -0.0303, 0.065], [0.0679, -0.1058, 0.9921]] | $CV1,7,806,1,0,-31.7,5.5,180.2,-0.136874,0.031820,-1.595354*02
[908 ms] id0 t=(-0.0344, +0.0080, +0.1796) m dist=0.1831 m z=0.1796 m R=[[-0.0322, 0.9948, 0.0965], [-0.9969, -0.0389, 0.0682], [0.0716, -0.094, 0.993]] | $CV1,8,908,1,0,-34.4,8.0,179.6,-0.130638,0.020023,-1.604449*05
[1019 ms] id0 t=(-0.0350, +0.0072, +0.1790) m dist=0.1825 m z=0.1790 m R=[[-0.0274, 0.9956, 0.0898], [-0.997, -0.0337, 0.0695], [0.0722, -0.0876, 0.9935]] | $CV1,9,1019,1,0,-35.0,7.2,179.0,-0.126116,0.014070,-1.599583*3F
[1130 ms] id0 t=(-0.0343, +0.0067, +0.1789) m dist=0.1823 m z=0.1789 m R=[[-0.0268, 0.9956, 0.0902], [-0.9971, -0.0331, 0.0692], [0.0719, -0.0881, 0.9935]] | $CV1,10,1130,1,0,-34.3,6.7,178.9,-0.126213,0.014683,-1.598949*04
[1243 ms] id0 t=(-0.0343, +0.0067, +0.1787) m dist=0.1821 m z=0.1787 m R=[[-0.0262, 0.9954, 0.0917], [-0.9968, -0.033, 0.0732], [0.0759, -0.0895, 0.9931]] | $CV1,11,1243,1,0,-34.3,6.7,178.7,-0.130563,0.012654,-1.598507*01
[1356 ms] id0 t=(-0.0346, +0.0070, +0.1795) m dist=0.1829 m z=0.1795 m R=[[-0.0283, 0.9953, 0.0926], [-0.9967, -0.0351, 0.0727], [0.0756, -0.0903, 0.993]] | $CV1,12,1356,1,0,-34.6,7.0,179.5,-0.130927,0.013676,-1.600572*0A
[1471 ms] id0 t=(-0.0343, +0.0069, +0.1799) m dist=0.1832 m z=0.1799 m R=[[-0.0285, 0.9952, 0.0939], [-0.9968, -0.0352, 0.0715], [0.0745, -0.0916, 0.993]] | $CV1,13,1471,1,0,-34.3,6.9,179.9,-0.131074,0.015652,-1.600716*06
[1586 ms] id0 t=(-0.0339, +0.0074, +0.1806) m dist=0.1839 m z=0.1806 m R=[[-0.0299, 0.9948, 0.0969], [-0.9966, -0.0371, 0.0733], [0.0765, -0.0944, 0.9926]] | $CV1,14,1586,1,0,-33.9,7.4,180.6,-0.134889,0.016455,-1.602226*0D
[1700 ms] id0 t=(-0.0339, +0.0085, +0.1799) m dist=0.1832 m z=0.1799 m R=[[-0.034, 0.9947, 0.0971], [-0.9966, -0.0411, 0.0716], [0.0752, -0.0943, 0.9927]] | $CV1,15,1700,1,0,-33.9,8.5,179.9,-0.133837,0.017643,-1.606356*03
[1818 ms] id0 t=(-0.0344, +0.0091, +0.1799) m dist=0.1834 m z=0.1799 m R=[[-0.036, 0.9946, 0.0977], [-0.9964, -0.0433, 0.0734], [0.0773, -0.0947, 0.9925]] | $CV1,16,1818,1,0,-34.4,9.1,179.9,-0.135821,0.016514,-1.608401*03
[1932 ms] id0 t=(-0.0341, +0.0084, +0.1796) m dist=0.1830 m z=0.1796 m R=[[-0.0327, 0.9947, 0.0978], [-0.9966, -0.0398, 0.0715], [0.075, -0.0951, 0.9926]] | $CV1,17,1932,1,0,-34.1,8.4,179.6,-0.134288,0.018396,-1.604994*02
[2041 ms] id0 t=(-0.0342, +0.0098, +0.1795) m dist=0.1830 m z=0.1795 m R=[[-0.0372, 0.9944, 0.0989], [-0.9963, -0.0446, 0.0739], [0.0778, -0.0957, 0.9924]] | $CV1,18,2041,1,0,-34.2,9.8,179.5,-0.137122,0.016985,-1.609596*0B
[2148 ms] id0 t=(-0.0343, +0.0104, +0.1795) m dist=0.1830 m z=0.1795 m R=[[-0.0401, 0.9944, 0.0976], [-0.9962, -0.0473, 0.0725], [0.0767, -0.0943, 0.9926]] | $CV1,19,2148,1,0,-34.3,10.4,179.5,-0.135139,0.016892,-1.612495*30
[2261 ms] id0 t=(-0.0345, +0.0099, +0.1797) m dist=0.1833 m z=0.1797 m R=[[-0.0396, 0.9944, 0.0978], [-0.9962, -0.0469, 0.0728], [0.077, -0.0945, 0.9925]] | $CV1,20,2261,1,0,-34.5,9.9,179.7,-0.135500,0.016872,-1.612016*0C
[2363 ms] id0 t=(-0.0340, +0.0099, +0.1796) m dist=0.1831 m z=0.1796 m R=[[-0.0398, 0.9944, 0.0981], [-0.9963, -0.047, 0.0718], [0.076, -0.0948, 0.9926]] | $CV1,21,2363,1,0,-34.0,9.9,179.6,-0.134996,0.017832,-1.612167*0A
[2463 ms] id0 t=(-0.0340, +0.0096, +0.1797) m dist=0.1831 m z=0.1797 m R=[[-0.0385, 0.9943, 0.0992], [-0.9966, -0.0455, 0.0694], [0.0735, -0.0961, 0.9926]] | $CV1,22,2463,1,0,-34.0,9.6,179.7,-0.133941,0.020749,-1.610758*02
[2564 ms] id0 t=(-0.0344, +0.0102, +0.1797) m dist=0.1832 m z=0.1797 m R=[[-0.0407, 0.9941, 0.1003], [-0.9963, -0.048, 0.0713], [0.0756, -0.0971, 0.9924]] | $CV1,23,2564,1,0,-34.4,10.2,179.7,-0.136410,0.020010,-1.613108*3A
[2688 ms] id0 t=(-0.0342, +0.0093, +0.1798) m dist=0.1833 m z=0.1798 m R=[[-0.0357, 0.9944, 0.0995], [-0.9965, -0.043, 0.0719], [0.0758, -0.0966, 0.9924]] | $CV1,24,2688,1,0,-34.2,9.3,179.8,-0.136091,0.019177,-1.608110*08
[2801 ms] id0 t=(-0.0341, +0.0089, +0.1801) m dist=0.1835 m z=0.1801 m R=[[-0.0356, 0.9943, 0.1004], [-0.9965, -0.0429, 0.0719], [0.0758, -0.0975, 0.9923]] | $CV1,25,2801,1,0,-34.1,8.9,180.1,-0.136813,0.019869,-1.607936*06
[2911 ms] id0 t=(-0.0340, +0.0093, +0.1801) m dist=0.1835 m z=0.1801 m R=[[-0.0381, 0.994, 0.1022], [-0.9966, -0.0453, 0.0693], [0.0735, -0.0992, 0.9924]] | $CV1,26,2911,1,0,-34.0,9.3,180.1,-0.136281,0.023225,-1.610378*03
[3021 ms] id0 t=(-0.0339, +0.0092, +0.1809) m dist=0.1842 m z=0.1809 m R=[[-0.0372, 0.9941, 0.1021], [-0.9966, -0.0444, 0.0693], [0.0735, -0.0992, 0.9924]] | $CV1,27,3021,1,0,-33.9,9.2,180.9,-0.136276,0.023184,-1.609495*02
[3130 ms] id0 t=(-0.0335, +0.0092, +0.1809) m dist=0.1842 m z=0.1809 m R=[[-0.0375, 0.9938, 0.1044], [-0.9964, -0.0451, 0.0714], [0.0756, -0.1013, 0.992]] | $CV1,28,3130,1,0,-33.5,9.2,180.9,-0.139694,0.023269,-1.609917*00
[3248 ms] id0 t=(-0.0335, +0.0095, +0.1815) m dist=0.1848 m z=0.1815 m R=[[-0.0389, 0.9937, 0.1051], [-0.9964, -0.0465, 0.0707], [0.0752, -0.1019, 0.9919]] | $CV1,29,3248,1,0,-33.5,9.5,181.5,-0.139793,0.024197,-1.611314*04
[3364 ms] id0 t=(-0.0334, +0.0097, +0.1813) m dist=0.1846 m z=0.1813 m R=[[-0.039, 0.9936, 0.1061], [-0.9965, -0.0466, 0.0699], [0.0744, -0.103, 0.9919]] | $CV1,30,3364,1,0,-33.4,9.7,181.3,-0.139988,0.025614,-1.611375*08
[3470 ms] id0 t=(-0.0336, +0.0097, +0.1819) m dist=0.1852 m z=0.1819 m R=[[-0.039, 0.9935, 0.1067], [-0.9963, -0.0468, 0.0723], [0.0768, -0.1035, 0.9917]] | $CV1,31,3470,1,0,-33.6,9.7,181.9,-0.142355,0.024196,-1.611432*0D
[3594 ms] id0 t=(-0.0336, +0.0093, +0.1813) m dist=0.1846 m z=0.1813 m R=[[-0.0389, 0.9936, 0.1065], [-0.9963, -0.0467, 0.0716], [0.0761, -0.1033, 0.9917]] | $CV1,32,3594,1,0,-33.6,9.3,181.3,-0.141646,0.024613,-1.611354*02
[3710 ms] id0 t=(-0.0344, +0.0109, +0.1817) m dist=0.1853 m z=0.1817 m R=[[-0.0433, 0.9931, 0.1092], [-0.9961, -0.0514, 0.0721], [0.0772, -0.1056, 0.9914]] | $CV1,33,3710,1,0,-34.4,10.9,181.7,-0.144368,0.025944,-1.615803*33
[3822 ms] id0 t=(-0.0344, +0.0097, +0.1821) m dist=0.1856 m z=0.1821 m R=[[-0.0398, 0.9934, 0.1072], [-0.9961, -0.0479, 0.0737], [0.0783, -0.1038, 0.9915]] | $CV1,34,3822,1,0,-34.4,9.7,182.1,-0.143832,0.023405,-1.612359*07
[3942 ms] id0 t=(-0.0342, +0.0093, +0.1819) m dist=0.1853 m z=0.1819 m R=[[-0.0388, 0.9935, 0.1075], [-0.9961, -0.047, 0.0748], [0.0794, -0.1041, 0.9914]] | $CV1,35,3942,1,0,-34.2,9.3,181.9,-0.144954,0.022740,-1.611308*0A
[4054 ms] id0 t=(-0.0334, +0.0087, +0.1815) m dist=0.1848 m z=0.1815 m R=[[-0.0343, 0.9934, 0.1091], [-0.9964, -0.0425, 0.0737], [0.0779, -0.1062, 0.9913]] | $CV1,36,4054,1,0,-33.4,8.7,181.5,-0.145273,0.025227,-1.606859*0D
[4163 ms] id0 t=(-0.0336, +0.0088, +0.1820) m dist=0.1852 m z=0.1820 m R=[[-0.0358, 0.9936, 0.1075], [-0.9963, -0.044, 0.0743], [0.0785, -0.1044, 0.9914]] | $CV1,37,4163,1,0,-33.6,8.8,182.0,-0.144434,0.023404,-1.608340*0A
[4280 ms] id0 t=(-0.0334, +0.0085, +0.1815) m dist=0.1848 m z=0.1815 m R=[[-0.0356, 0.9934, 0.1087], [-0.9961, -0.0441, 0.0763], [0.0806, -0.1056, 0.9911]] | $CV1,38,4280,1,0,-33.4,8.5,181.5,-0.147018,0.022708,-1.608239*0A
[4390 ms] id0 t=(-0.0336, +0.0083, +0.1825) m dist=0.1857 m z=0.1825 m R=[[-0.0357, 0.9935, 0.1083], [-0.9961, -0.0442, 0.0764], [0.0806, -0.1052, 0.9912]] | $CV1,39,4390,1,0,-33.6,8.3,182.5,-0.146736,0.022379,-1.608342*09
[4498 ms] id0 t=(-0.0334, +0.0077, +0.1816) m dist=0.1848 m z=0.1816 m R=[[-0.0324, 0.9935, 0.1087], [-0.9963, -0.0407, 0.0753], [0.0793, -0.1058, 0.9912]] | $CV1,40,4498,1,0,-33.4,7.7,181.6,-0.146126,0.023696,-1.604964*01
[4604 ms] id0 t=(-0.0335, +0.0083, +0.1825) m dist=0.1857 m z=0.1825 m R=[[-0.0349, 0.9936, 0.1078], [-0.9962, -0.0433, 0.076], [0.0801, -0.1047, 0.9913]] | $CV1,41,4604,1,0,-33.5,8.3,182.5,-0.145977,0.022351,-1.607506*06
[4710 ms] id0 t=(-0.0332, +0.0082, +0.1820) m dist=0.1852 m z=0.1820 m R=[[-0.0332, 0.9936, 0.1078], [-0.9962, -0.0416, 0.0769], [0.0809, -0.1049, 0.9912]] | $CV1,42,4710,1,0,-33.2,8.2,182.0,-0.146734,0.021707,-1.605776*0B
[4822 ms] id0 t=(-0.0330, +0.0079, +0.1821) m dist=0.1853 m z=0.1821 m R=[[-0.0324, 0.9936, 0.1082], [-0.9962, -0.0409, 0.0771], [0.0811, -0.1053, 0.9911]] | $CV1,43,4822,1,0,-33.0,7.9,182.1,-0.147137,0.021870,-1.605011*0E
[4942 ms] id0 t=(-0.0324, +0.0077, +0.1816) m dist=0.1847 m z=0.1816 m R=[[-0.031, 0.9936, 0.1089], [-0.9962, -0.0396, 0.0772], [0.081, -0.1061, 0.991]] | $CV1,44,4942,1,0,-32.4,7.7,181.6,-0.147759,0.022461,-1.603648*0C
[5052 ms] id0 t=(-0.0324, +0.0078, +0.1818) m dist=0.1848 m z=0.1818 m R=[[-0.0321, 0.9936, 0.108], [-0.9962, -0.0405, 0.0767], [0.0806, -0.1051, 0.9912]] | $CV1,45,5052,1,0,-32.4,7.8,181.8,-0.146639,0.022121,-1.604638*02
[5156 ms] id0 t=(-0.0323, +0.0070, +0.1818) m dist=0.1848 m z=0.1818 m R=[[-0.0289, 0.9937, 0.1087], [-0.9963, -0.0374, 0.0776], [0.0811, -0.106, 0.991]] | $CV1,46,5156,1,0,-32.3,7.0,181.8,-0.147769,0.022172,-1.601478*0B
[5260 ms] id0 t=(-0.0328, +0.0075, +0.1825) m dist=0.1856 m z=0.1825 m R=[[-0.0307, 0.9936, 0.1091], [-0.996, -0.0396, 0.0805], [0.0843, -0.1061, 0.9908]] | $CV1,47,5260,1,0,-32.8,7.5,182.5,-0.150412,0.019959,-1.603404*05
[5368 ms] id0 t=(-0.0330, +0.0075, +0.1824) m dist=0.1855 m z=0.1824 m R=[[-0.0301, 0.9936, 0.1085], [-0.996, -0.039, 0.0807], [0.0844, -0.1057, 0.9908]] | $CV1,48,5368,1,0,-33.0,7.5,182.4,-0.150141,0.019421,-1.602791*04
[5481 ms] id0 t=(-0.0333, +0.0083, +0.1825) m dist=0.1857 m z=0.1825 m R=[[-0.0329, 0.9934, 0.11], [-0.9958, -0.0421, 0.0818], [0.0859, -0.1069, 0.9906]] | $CV1,49,5481,1,0,-33.3,8.3,182.5,-0.152297,0.019502,-1.605693*00
[5596 ms] id0 t=(-0.0331, +0.0075, +0.1830) m dist=0.1862 m z=0.1830 m R=[[-0.0332, 0.9937, 0.1068], [-0.9961, -0.0417, 0.0781], [0.0821, -0.1038, 0.9912]] | $CV1,50,5596,1,0,-33.1,7.5,183.0,-0.146780,0.019974,-1.605862*0B
[5708 ms] id0 t=(-0.0332, +0.0054, +0.1838) m dist=0.1868 m z=0.1838 m R=[[-0.0276, 0.9937, 0.1089], [-0.9962, -0.0364, 0.0794], [0.0828, -0.1063, 0.9909]] | $CV1,51,5708,1,0,-33.2,5.4,183.8,-0.149284,0.020961,-1.600273*08
[5820 ms] id0 t=(-0.0348, +0.0075, +0.1847) m dist=0.1881 m z=0.1847 m R=[[-0.0338, 0.9932, 0.1115], [-0.9959, -0.0429, 0.0799], [0.0841, -0.1083, 0.9905]] | $CV1,52,5820,1,0,-34.8,7.5,184.7,-0.152037,0.022111,-1.606549*0D
[5922 ms] id0 t=(-0.0355, +0.0109, +0.1867) m dist=0.1903 m z=0.1867 m R=[[-0.0433, 0.9924, 0.115], [-0.9955, -0.0525, 0.0788], [0.0843, -0.1111, 0.9902]] | $CV1,53,5922,1,0,-35.5,10.9,186.7,-0.154405,0.024995,-1.616057*31
[6027 ms] id0 t=(-0.0349, +0.0103, +0.1858) m dist=0.1893 m z=0.1858 m R=[[-0.0381, 0.9927, 0.1143], [-0.9956, -0.0475, 0.0806], [0.0854, -0.1108, 0.9902]] | $CV1,54,6027,1,0,-34.9,10.3,185.8,-0.155041,0.023403,-1.610879*30
[6136 ms] id0 t=(-0.0342, +0.0088, +0.1861) m dist=0.1894 m z=0.1861 m R=[[-0.0322, 0.993, 0.1137], [-0.996, -0.0414, 0.0794], [0.0836, -0.1107, 0.9903]] | $CV1,55,6136,1,0,-34.2,8.8,186.1,-0.153413,0.024345,-1.604922*0E
[6240 ms] id0 t=(-0.0343, +0.0099, +0.1866) m dist=0.1900 m z=0.1866 m R=[[-0.0276, 0.9937, 0.1083], [-0.9952, -0.0374, 0.0903], [0.0937, -0.1053, 0.99]] | $CV1,56,6240,1,0,-34.3,9.9,186.6,-0.157347,0.011704,-1.600552*03
[6361 ms] id0 t=(-0.0341, +0.0092, +0.1867) m dist=0.1900 m z=0.1867 m R=[[-0.0247, 0.9938, 0.1088], [-0.9957, -0.0342, 0.0865], [0.0897, -0.1062, 0.9903]] | $CV1,57,6361,1,0,-34.1,9.2,186.7,-0.154766,0.015334,-1.597525*02
[6463 ms] id0 t=(-0.0340, +0.0088, +0.1866) m dist=0.1899 m z=0.1866 m R=[[-0.0256, 0.9935, 0.111], [-0.9955, -0.0354, 0.0874], [0.0907, -0.1083, 0.99]] | $CV1,58,6463,1,0,-34.0,8.8,186.6,-0.157228,0.016294,-1.598563*0A
[6571 ms] id0 t=(-0.0342, +0.0089, +0.1869) m dist=0.1902 m z=0.1869 m R=[[-0.037, 0.9938, 0.1049], [-0.9954, -0.046, 0.0841], [0.0884, -0.1013, 0.9909]] | $CV1,59,6571,1,0,-34.2,8.9,186.9,-0.150092,0.013345,-1.609797*0B
[6682 ms] id0 t=(-0.0340, +0.0082, +0.1848) m dist=0.1881 m z=0.1848 m R=[[-0.0419, 0.991, 0.1275], [-0.9958, -0.0519, 0.0761], [0.082, -0.1237, 0.9889]] | $CV1,60,6682,1,0,-34.0,8.2,184.8,-0.162405,0.036918,-1.614662*0D
[6787 ms] id0 t=(-0.0336, +0.0079, +0.1825) m dist=0.1857 m z=0.1825 m R=[[-0.0421, 0.9891, 0.1409], [-0.9982, -0.0476, 0.0357], [0.042, -0.1392, 0.9894]] | $CV1,61,6787,1,0,-33.6,7.9,182.5,-0.141872,0.080279,-1.612790*00
[6899 ms] id0 t=(-0.0336, +0.0058, +0.1773) m dist=0.1805 m z=0.1773 m R=[[-0.0353, 0.9918, 0.1225], [-0.9991, -0.032, -0.029], [-0.0249, -0.1234, 0.992]] | $CV1,62,6899,1,0,-33.6,5.8,177.3,-0.075958,0.118619,-1.602269*03
[7002 ms] id0 t=(-0.0344, +0.0052, +0.1669) m dist=0.1705 m z=0.1669 m R=[[-0.0306, 0.9979, 0.0567], [-0.9992, -0.029, -0.0282], [-0.0265, -0.0575, 0.998]] | $CV1,63,7002,1,0,-34.4,5.2,166.9,-0.023518,0.066641,-1.600023*0C
[7110 ms] id0 t=(-0.0344, +0.0046, +0.1689) m dist=0.1724 m z=0.1689 m R=[[-0.0236, 0.9973, 0.0701], [-0.9997, -0.0241, 0.0063], [0.008, -0.07, 0.9975]] | $CV1,64,7110,1,0,-34.4,4.6,168.9,-0.060871,0.049635,-1.593957*0A
[7218 ms] id0 t=(-0.0338, +0.0049, +0.1681) m dist=0.1715 m z=0.1681 m R=[[-0.027, 0.9976, 0.0638], [-0.9985, -0.0239, -0.0489], [-0.0472, -0.065, 0.9968]] | $CV1,65,7218,1,0,-33.8,4.9,168.1,-0.012938,0.088745,-1.595340*04
[7321 ms] id0 t=(-0.0344, +0.0036, +0.1673) m dist=0.1708 m z=0.1673 m R=[[-0.0186, 0.9973, 0.0714], [-0.9998, -0.0183, -0.0044], [-0.003, -0.0715, 0.9974]] | $CV1,66,7321,1,0,-34.4,3.6,167.3,-0.053375,0.059212,-1.588529*0A
[7433 ms] id0 t=(-0.0350, +0.0019, +0.1588) m dist=0.1626 m z=0.1588 m R=[[-0.0139, 0.9983, 0.0563], [-0.9989, -0.0114, -0.0454], [-0.0447, -0.0569, 0.9974]] | $CV1,67,7433,1,0,-35.0,1.9,158.8,-0.009067,0.080018,-1.582692*0A
[7533 ms] id0 t=(-0.0350, -0.0000, +0.1546) m dist=0.1585 m z=0.1546 m R=[[-0.002, 0.9971, 0.0765], [-0.9999, -0.0031, 0.0138], [0.014, -0.0764, 0.997]] | $CV1,68,7533,1,0,-35.0,0.0,154.6,-0.071023,0.049209,-1.572467*01
[7633 ms] id0 t=(-0.0353, -0.0014, +0.1432) m dist=0.1474 m z=0.1432 m R=[[0.0036, 0.9988, 0.0479], [-1.0, 0.0037, -0.0022], [-0.0024, -0.0479, 0.9988]] | $CV1,69,7633,1,0,-35.3,-1.4,143.2,-0.035807,0.039419,-1.566807*2B
[7746 ms] id0 t=(-0.0358, -0.0025, +0.1341) m dist=0.1388 m z=0.1341 m R=[[0.0088, 0.9996, 0.0257], [-0.9996, 0.0095, -0.0258], [-0.026, -0.0254, 0.9993]] | $CV1,70,7746,1,0,-35.8,-2.5,134.1,0.000262,0.040367,-1.561451*00
[7857 ms] target_missing, detections=0
[7970 ms] target_missing, detections=0
[8073 ms] target_missing, detections=0
[8180 ms] target_missing, detections=0
[8290 ms] target_missing, detections=0
[8407 ms] target_missing, detections=0
[8514 ms] target_missing, detections=0
[8617 ms] target_missing, detections=0
[8722 ms] target_missing, detections=0
[8823 ms] target_missing, detections=0
[8938 ms] target_missing, detections=0
[9042 ms] target_missing, detections=0
[9155 ms] target_missing, detections=0
[9256 ms] target_missing, detections=0
[9373 ms] target_missing, detections=0
[9477 ms] target_missing, detections=0
[9582 ms] target_missing, detections=0
[9689 ms] target_missing, detections=0
[9800 ms] target_missing, detections=0
[9918 ms] target_missing, detections=0
[10030 ms] target_missing, detections=0
[10144 ms] target_missing, detections=0
[10250 ms] target_missing, detections=0
[10357 ms] target_missing, detections=0
[10467 ms] target_missing, detections=0
[10570 ms] target_missing, detections=0
[10674 ms] target_missing, detections=0
[10778 ms] target_missing, detections=0
[10897 ms] target_missing, detections=0
[11000 ms] target_missing, detections=0
[11100 ms] target_missing, detections=0
[11207 ms] target_missing, detections=0
[11327 ms] target_missing, detections=0
[11429 ms] target_missing, detections=0
[11547 ms] target_missing, detections=0
[11661 ms] target_missing, detections=0
[11774 ms] target_missing, detections=0
[11890 ms] target_missing, detections=0
[12001 ms] target_missing, detections=0
[12106 ms] target_missing, detections=0
[12218 ms] target_missing, detections=0
[12333 ms] target_missing, detections=0
[12443 ms] target_missing, detections=0
[12548 ms] target_missing, detections=0
[12662 ms] target_missing, detections=0
[12772 ms] target_missing, detections=0
[12875 ms] target_missing, detections=0
[12981 ms] target_missing, detections=0
[13088 ms] target_missing, detections=0
[13204 ms] target_missing, detections=0
[13311 ms] target_missing, detections=0
[13412 ms] id0 t=(-0.0230, -0.0058, +0.1292) m dist=0.1313 m z=0.1292 m R=[[-0.0239, 0.9993, 0.0285], [-0.8496, -0.0353, 0.5263], [0.5269, -0.0116, 0.8498]] | $CV1,122,13412,1,0,-23.0,-5.8,129.2,-0.453167,-0.419911,-1.557645*0E
[13517 ms] target_missing, detections=0
[13622 ms] target_missing, detections=0
[13734 ms] id0 t=(-0.0248, +0.0021, +0.1276) m dist=0.1300 m z=0.1276 m R=[[-0.0015, 0.9947, -0.1029], [-0.9475, -0.0342, -0.3178], [-0.3196, 0.097, 0.9426]] | $CV1,125,13734,1,0,-24.8,2.1,127.6,0.335827,0.175496,-1.572372*29
[13847 ms] target_missing, detections=0
[13950 ms] target_missing, detections=0
[14064 ms] target_missing, detections=0
[14168 ms] target_missing, detections=0
[14274 ms] target_missing, detections=0
[14375 ms] target_missing, detections=0
[14479 ms] target_missing, detections=0
[14586 ms] target_missing, detections=0
[14690 ms] target_missing, detections=0
[14806 ms] target_missing, detections=0
[14908 ms] target_missing, detections=0
[15021 ms] target_missing, detections=0
[15124 ms] target_missing, detections=0
[15229 ms] target_missing, detections=0
[15340 ms] target_missing, detections=0
[15448 ms] target_missing, detections=0
[15561 ms] target_missing, detections=0
[15676 ms] target_missing, detections=0
[15786 ms] id0 t=(-0.0082, -0.0002, +0.1420) m dist=0.1422 m z=0.1420 m R=[[-0.0314, 0.9985, -0.045], [-0.9983, -0.0335, -0.0482], [-0.0497, 0.0434, 0.9978]] | $CV1,144,15786,1,0,-8.2,-0.2,142.0,0.073551,0.003748,-1.602664*37
[15888 ms] id0 t=(-0.0111, -0.0056, +0.1428) m dist=0.1433 m z=0.1428 m R=[[-0.0127, 0.9992, -0.037], [-0.9991, -0.0142, -0.0399], [-0.0404, 0.0364, 0.9985]] | $CV1,145,15888,1,0,-11.1,-5.6,142.8,0.060530,0.002754,-1.583862*0E
[15989 ms] id0 t=(-0.0114, -0.0056, +0.1429) m dist=0.1435 m z=0.1429 m R=[[-0.0116, 0.999, -0.0431], [-0.9982, -0.0141, -0.0581], [-0.0587, 0.0424, 0.9974]] | $CV1,146,15989,1,0,-11.4,-5.6,142.9,0.079648,0.012335,-1.582937*0F
[16099 ms] id0 t=(-0.0114, -0.0065, +0.1447) m dist=0.1453 m z=0.1447 m R=[[-0.0111, 0.9994, -0.0341], [-0.9992, -0.0125, -0.0391], [-0.0395, 0.0337, 0.9987]] | $CV1,147,16099,1,0,-11.4,-6.5,144.7,0.057637,0.004255,-1.582199*05
[16208 ms] id0 t=(-0.0110, -0.0064, +0.1453) m dist=0.1459 m z=0.1453 m R=[[-0.0101, 0.9994, -0.0328], [-0.9978, -0.0122, -0.0658], [-0.0661, 0.032, 0.9973]] | $CV1,148,16208,1,0,-11.0,-6.4,145.3,0.077432,0.026405,-1.581188*05
[16319 ms] id0 t=(-0.0106, -0.0071, +0.1467) m dist=0.1473 m z=0.1467 m R=[[-0.0082, 0.9995, -0.0291], [-0.9981, -0.01, -0.0608], [-0.0611, 0.0285, 0.9977]] | $CV1,149,16319,1,0,-10.6,-7.1,146.7,0.070661,0.025292,-1.579271*0B
[16433 ms] id0 t=(-0.0104, -0.0071, +0.1478) m dist=0.1483 m z=0.1478 m R=[[-0.0099, 0.9995, -0.03], [-0.9978, -0.0118, -0.0648], [-0.0652, 0.0293, 0.9974]] | $CV1,150,16433,1,0,-10.4,-7.1,147.8,0.074516,0.027806,-1.580931*0B
[16538 ms] id0 t=(-0.0106, -0.0067, +0.1558) m dist=0.1563 m z=0.1558 m R=[[-0.0162, 0.9999, 0.0017], [-0.9963, -0.016, -0.0843], [-0.0843, -0.003, 0.9964]] | $CV1,151,16538,1,0,-10.6,-6.7,155.8,0.064583,0.068261,-1.585900*0C
[16644 ms] id0 t=(-0.0132, -0.0112, +0.1746) m dist=0.1754 m z=0.1746 m R=[[0.0054, 0.9943, 0.1065], [-0.9999, 0.0063, -0.0084], [-0.009, -0.1064, 0.9943]] | $CV1,152,16644,1,0,-13.2,-11.2,174.6,-0.076866,0.090509,-1.563294*16
[16750 ms] id0 t=(-0.0174, -0.0125, +0.1791) m dist=0.1804 m z=0.1791 m R=[[0.0104, 0.9956, 0.0928], [-0.9994, 0.0072, 0.0342], [0.0334, -0.0931, 0.9951]] | $CV1,153,16750,1,0,-17.4,-12.5,179.1,-0.099560,0.046432,-1.560591*16
[16855 ms] id0 t=(-0.0217, -0.0127, +0.1804) m dist=0.1822 m z=0.1804 m R=[[0.009, 0.9933, 0.1153], [-0.9961, -0.0012, 0.0883], [0.0879, -0.1156, 0.9894]] | $CV1,154,16855,1,0,-21.7,-12.7,180.4,-0.160318,0.021518,-1.563874*1F
[16963 ms] id0 t=(-0.0216, -0.0132, +0.1785) m dist=0.1803 m z=0.1785 m R=[[0.0096, 0.9933, 0.1156], [-0.9969, 0.0005, 0.0785], [0.0779, -0.116, 0.9902]] | $CV1,155,16963,1,0,-21.6,-13.2,178.5,-0.152750,0.029550,-1.562930*14
[17076 ms] id0 t=(-0.0220, -0.0143, +0.1781) m dist=0.1801 m z=0.1781 m R=[[0.0129, 0.9932, 0.1156], [-0.997, 0.004, 0.077], [0.0761, -0.1162, 0.9903]] | $CV1,156,17076,1,0,-22.0,-14.3,178.1,-0.151428,0.030951,-1.559543*16
[17179 ms] id0 t=(-0.0250, -0.0140, +0.1803) m dist=0.1826 m z=0.1803 m R=[[0.006, 0.9934, 0.1145], [-0.9975, -0.0021, 0.0709], [0.0707, -0.1146, 0.9909]] | $CV1,157,17179,1,0,-25.0,-14.0,180.3,-0.145993,0.034460,-1.566254*16
[17283 ms] id0 t=(-0.0242, -0.0160, +0.1796) m dist=0.1820 m z=0.1796 m R=[[0.0168, 0.9934, 0.1131], [-0.9975, 0.0089, 0.0706], [0.0692, -0.114, 0.9911]] | $CV1,158,17283,1,0,-24.2,-16.0,179.6,-0.144225,0.034300,-1.555349*16
[17386 ms] id0 t=(-0.0244, -0.0169, +0.1782) m dist=0.1807 m z=0.1782 m R=[[0.0116, 0.9936, 0.1123], [-0.9983, 0.0051, 0.0583], [0.0574, -0.1127, 0.992]] | $CV1,159,17386,1,0,-24.4,-16.9,178.2,-0.133960,0.042999,-1.560110*10
[17492 ms] id0 t=(-0.0235, -0.0178, +0.1776) m dist=0.1801 m z=0.1776 m R=[[0.0152, 0.9935, 0.1131], [-0.9983, 0.0087, 0.0575], [0.0562, -0.1137, 0.9919]] | $CV1,160,17492,1,0,-23.5,-17.8,177.6,-0.133860,0.044453,-1.556528*13
[17600 ms] id0 t=(-0.0247, -0.0160, +0.1780) m dist=0.1804 m z=0.1780 m R=[[0.005, 0.9938, 0.1115], [-0.9983, -0.0016, 0.0587], [0.0585, -0.1116, 0.992]] | $CV1,161,17600,1,0,-24.7,-16.0,178.0,-0.133899,0.041704,-1.566802*1A
[17704 ms] id0 t=(-0.0237, -0.0173, +0.1767) m dist=0.1792 m z=0.1767 m R=[[0.0125, 0.9935, 0.113], [-0.9983, 0.0059, 0.0587], [0.0577, -0.1136, 0.9919]] | $CV1,162,17704,1,0,-23.7,-17.3,176.7,-0.134877,0.043344,-1.559218*18
[17818 ms] id0 t=(-0.0238, -0.0180, +0.1774) m dist=0.1799 m z=0.1774 m R=[[0.0141, 0.9937, 0.1108], [-0.9982, 0.0075, 0.0596], [0.0584, -0.1114, 0.9921]] | $CV1,163,17818,1,0,-23.8,-18.0,177.4,-0.133749,0.040939,-1.557740*1A
[17919 ms] id0 t=(-0.0240, -0.0174, +0.1757) m dist=0.1782 m z=0.1757 m R=[[0.0098, 0.9937, 0.112], [-0.9982, 0.0031, 0.0596], [0.0589, -0.1124, 0.9919]] | $CV1,164,17919,1,0,-24.0,-17.4,175.7,-0.134866,0.041623,-1.562029*16
[18030 ms] id0 t=(-0.0242, -0.0165, +0.1762) m dist=0.1787 m z=0.1762 m R=[[0.0093, 0.9937, 0.1121], [-0.9982, 0.0026, 0.0599], [0.0592, -0.1124, 0.9919]] | $CV1,165,18030,1,0,-24.2,-16.5,176.2,-0.135155,0.041465,-1.562556*1B
[18139 ms] target_missing, detections=0
[18247 ms] target_missing, detections=0
[18362 ms] target_missing, detections=0
[18462 ms] target_missing, detections=0
[18563 ms] target_missing, detections=0
[18664 ms] target_missing, detections=0
[18774 ms] target_missing, detections=0
[18890 ms] target_missing, detections=0
[19006 ms] target_missing, detections=0
[19108 ms] target_missing, detections=0
[19218 ms] target_missing, detections=0
[19319 ms] target_missing, detections=0
[19424 ms] target_missing, detections=0
[19537 ms] target_missing, detections=0
[19647 ms] target_missing, detections=0
[19752 ms] target_missing, detections=0
[19861 ms] target_missing, detections=0
[19974 ms] target_missing, detections=0
[20087 ms] target_missing, detections=0
[20188 ms] target_missing, detections=0
[20292 ms] target_missing, detections=0
[20399 ms] target_missing, detections=0
[20500 ms] target_missing, detections=0
[20602 ms] target_missing, detections=0
[20712 ms] target_missing, detections=0
[20817 ms] target_missing, detections=0
[20919 ms] target_missing, detections=0
[21029 ms] target_missing, detections=0
[21134 ms] target_missing, detections=0
[21237 ms] target_missing, detections=0
[21344 ms] target_missing, detections=0
[21446 ms] target_missing, detections=0
[21553 ms] target_missing, detections=0
[21656 ms] target_missing, detections=0
[21763 ms] target_missing, detections=0
[21875 ms] target_missing, detections=0
[21982 ms] target_missing, detections=0
[22082 ms] target_missing, detections=0
[22189 ms] target_missing, detections=0
[22295 ms] target_missing, detections=0
[22403 ms] target_missing, detections=0
[22511 ms] target_missing, detections=0
[22616 ms] target_missing, detections=0
[22719 ms] target_missing, detections=0
[22821 ms] target_missing, detections=0
[22921 ms] target_missing, detections=0
[23024 ms] target_missing, detections=0
[23130 ms] target_missing, detections=0
[23239 ms] target_missing, detections=0
[23346 ms] target_missing, detections=0
[23455 ms] target_missing, detections=0
[23556 ms] target_missing, detections=0
[23666 ms] target_missing, detections=0
input finished
