[26 ms] target_missing, detections=0
[135 ms] target_missing, detections=0
[236 ms] target_missing, detections=0
[345 ms] target_missing, detections=0
[452 ms] target_missing, detections=0
[553 ms] target_missing, detections=0
[657 ms] target_missing, detections=0
[765 ms] target_missing, detections=0
[871 ms] target_missing, detections=0
[986 ms] target_missing, detections=0
[1099 ms] target_missing, detections=0
[1211 ms] target_missing, detections=0
[1321 ms] target_missing, detections=0
[1432 ms] target_missing, detections=0
[1532 ms] target_missing, detections=0
[1648 ms] target_missing, detections=0
[1766 ms] target_missing, detections=0
[1883 ms] id0 t=(-0.0500, -0.0147, +0.1549) m dist=0.1634 m z=0.1549 m R=[[0.0935, 0.986, 0.1378], [-0.9883, 0.0751, 0.1328], [0.1206, -0.1486, 0.9815]] | $CV1,17,1883,1,0,-50.0,-14.7,154.9,-0.211003,0.012888,-1.480640*1A
[1990 ms] target_missing, detections=0
[2091 ms] target_missing, detections=0
[2195 ms] id0 t=(-0.0420, -0.0151, +0.1534) m dist=0.1598 m z=0.1534 m R=[[0.0918, 0.9901, 0.1058], [-0.9876, 0.0769, 0.1368], [0.1273, -0.117, 0.9849]] | $CV1,20,2195,1,0,-42.0,-15.1,153.4,-0.190106,-0.016132,-1.481666*37
[2311 ms] id0 t=(-0.0394, -0.0128, +0.1490) m dist=0.1547 m z=0.1490 m R=[[0.091, 0.9884, 0.1213], [-0.9882, 0.0746, 0.1339], [0.1233, -0.1321, 0.9835]] | $CV1,21,2311,1,0,-39.4,-12.8,149.0,-0.199494,-0.001473,-1.482776*33
[2425 ms] id0 t=(-0.0375, -0.0122, +0.1474) m dist=0.1526 m z=0.1474 m R=[[0.0988, 0.9858, 0.1355], [-0.9871, 0.0798, 0.1391], [0.1263, -0.1475, 0.981]] | $CV1,22,2425,1,0,-37.5,-12.2,147.4,-0.214363,0.006884,-1.475431*10
[2536 ms] id0 t=(-0.0384, -0.0036, +0.1836) m dist=0.1876 m z=0.1836 m R=[[0.0706, 0.9827, 0.1711], [-0.9917, 0.0506, 0.1184], [0.1077, -0.178, 0.9781]] | $CV1,23,2536,1,0,-38.4,-3.6,183.6,-0.225768,0.048272,-1.503497*2A
[2644 ms] id0 t=(-0.0306, -0.0015, +0.1951) m dist=0.1975 m z=0.1951 m R=[[0.0661, 0.9762, 0.2066], [-0.9908, 0.0398, 0.1291], [0.1178, -0.2132, 0.9699]] | $CV1,24,2644,1,0,-30.6,-1.5,195.1,-0.262613,0.068077,-1.508697*22
[2747 ms] id0 t=(-0.0297, -0.0045, +0.1856) m dist=0.1880 m z=0.1856 m R=[[0.0861, 0.9754, 0.2031], [-0.9893, 0.0596, 0.1333], [0.1179, -0.2124, 0.97]] | $CV1,25,2747,1,0,-29.7,-4.5,185.6,-0.261920,0.064595,-1.488649*28
[2856 ms] id0 t=(-0.0311, -0.0024, +0.1898) m dist=0.1924 m z=0.1898 m R=[[0.0695, 0.9766, 0.2034], [-0.9907, 0.0437, 0.1289], [0.117, -0.2105, 0.9706]] | $CV1,26,2856,1,0,-31.1,-2.4,189.8,-0.259664,0.066164,-1.505256*2C
[2964 ms] id0 t=(-0.0343, -0.0043, +0.1996) m dist=0.2026 m z=0.1996 m R=[[0.0813, 0.9758, 0.2031], [-0.9908, 0.057, 0.1227], [0.1081, -0.2112, 0.9714]] | $CV1,27,2964,1,0,-34.3,-4.3,199.6,-0.253439,0.072103,-1.492790*20
[3067 ms] id0 t=(-0.0374, +0.0006, +0.2211) m dist=0.2243 m z=0.2211 m R=[[0.0778, 0.9765, 0.2009], [-0.9903, 0.0523, 0.1289], [0.1154, -0.2089, 0.9711]] | $CV1,28,3067,1,0,-37.4,0.6,221.1,-0.257139,0.065032,-1.496856*0E
[3175 ms] id0 t=(-0.0386, -0.0011, +0.2340) m dist=0.2372 m z=0.2340 m R=[[0.1067, 0.9736, 0.2019], [-0.9881, 0.0811, 0.131], [0.1111, -0.2134, 0.9706]] | $CV1,29,3175,1,0,-38.6,-1.1,234.0,-0.257646,0.067897,-1.467489*24
[3280 ms] id0 t=(-0.0392, -0.0006, +0.2409) m dist=0.2440 m z=0.2409 m R=[[0.1156, 0.9712, 0.2085], [-0.9871, 0.0888, 0.1336], [0.1113, -0.2212, 0.9689]] | $CV1,30,3280,1,0,-39.2,-0.6,240.9,-0.264315,0.072434,-1.458575*20
[3383 ms] id0 t=(-0.0418, +0.0009, +0.2413) m dist=0.2449 m z=0.2413 m R=[[0.1145, 0.9722, 0.2042], [-0.9879, 0.0897, 0.1269], [0.105, -0.2162, 0.9707]] | $CV1,31,3383,1,0,-41.8,0.9,241.3,-0.255435,0.073805,-1.459185*0D
[3490 ms] id0 t=(-0.0391, -0.0056, +0.2420) m dist=0.2452 m z=0.2420 m R=[[0.1311, 0.969, 0.2095], [-0.9868, 0.1074, 0.121], [0.0948, -0.2226, 0.9703]] | $CV1,32,3490,1,0,-39.1,-5.6,242.0,-0.253273,0.084551,-1.441687*20
[3592 ms] id0 t=(-0.0391, -0.0053, +0.2395) m dist=0.2428 m z=0.2395 m R=[[0.1168, 0.9702, 0.2124], [-0.9891, 0.0943, 0.1133], [0.0899, -0.2233, 0.9706]] | $CV1,33,3592,1,0,-39.1,-5.3,239.5,-0.250092,0.090960,-1.455676*20
[3706 ms] id0 t=(-0.0381, -0.0051, +0.2391) m dist=0.2422 m z=0.2391 m R=[[0.1187, 0.9704, 0.2102], [-0.9883, 0.095, 0.1194], [0.0959, -0.2219, 0.9703]] | $CV1,34,3706,1,0,-38.1,-5.1,239.1,-0.253394,0.084815,-1.454295*27
[3814 ms] id0 t=(-0.0376, -0.0057, +0.2385) m dist=0.2415 m z=0.2385 m R=[[0.1263, 0.9695, 0.2101], [-0.9869, 0.1014, 0.1255], [0.1003, -0.2232, 0.9696]] | $CV1,35,3814,1,0,-37.6,-5.7,238.5,-0.257844,0.081159,-1.446934*24
[3918 ms] id0 t=(-0.0393, -0.0036, +0.2369) m dist=0.2401 m z=0.2369 m R=[[0.1208, 0.9714, 0.2044], [-0.987, 0.0957, 0.1289], [0.1056, -0.2173, 0.9704]] | $CV1,36,3918,1,0,-39.3,-3.6,236.9,-0.256818,0.073268,-1.452882*29
[4023 ms] id0 t=(-0.0398, -0.0033, +0.2371) m dist=0.2405 m z=0.2371 m R=[[0.1223, 0.9719, 0.2012], [-0.9866, 0.097, 0.1311], [0.1079, -0.2146, 0.9707]] | $CV1,37,4023,1,0,-39.8,-3.3,237.1,-0.256176,0.069187,-1.451574*26
[4130 ms] id0 t=(-0.0403, -0.0012, +0.2366) m dist=0.2400 m z=0.2366 m R=[[0.1185, 0.9728, 0.1988], [-0.9867, 0.0928, 0.1337], [0.1117, -0.212, 0.9709]] | $CV1,38,4130,1,0,-40.3,-1.2,236.6,-0.256861,0.064763,-1.455696*2F
[4237 ms] id0 t=(-0.0400, -0.0003, +0.2367) m dist=0.2401 m z=0.2367 m R=[[0.1176, 0.9732, 0.1978], [-0.9867, 0.092, 0.1344], [0.1126, -0.2109, 0.971]] | $CV1,39,4237,1,0,-40.0,-0.3,236.7,-0.256656,0.063291,-1.456581*2B
[4343 ms] id0 t=(-0.0399, +0.0003, +0.2363) m dist=0.2396 m z=0.2363 m R=[[0.1149, 0.9735, 0.1978], [-0.987, 0.0893, 0.1337], [0.1125, -0.2106, 0.9711]] | $CV1,40,4343,1,0,-39.9,0.3,236.3,-0.256282,0.063448,-1.459357*04
[4450 ms] id0 t=(-0.0399, +0.0008, +0.2365) m dist=0.2398 m z=0.2365 m R=[[0.113, 0.9738, 0.1972], [-0.9872, 0.0876, 0.1333], [0.1126, -0.2097, 0.9713]] | $CV1,41,4450,1,0,-39.9,0.8,236.5,-0.255633,0.063057,-1.461217*04
[4552 ms] id0 t=(-0.0398, +0.0018, +0.2357) m dist=0.2390 m z=0.2357 m R=[[0.1113, 0.9741, 0.1969], [-0.9873, 0.0858, 0.1334], [0.113, -0.2092, 0.9713]] | $CV1,42,4552,1,0,-39.8,1.8,235.7,-0.255569,0.062543,-1.462998*07
[4660 ms] id0 t=(-0.0399, +0.0019, +0.2357) m dist=0.2390 m z=0.2357 m R=[[0.1118, 0.9743, 0.1957], [-0.9871, 0.0863, 0.1345], [0.1142, -0.2082, 0.9714]] | $CV1,43,4660,1,0,-39.9,1.9,235.7,-0.255556,0.060771,-1.462532*05
[4765 ms] id0 t=(-0.0399, +0.0026, +0.2354) m dist=0.2388 m z=0.2354 m R=[[0.1098, 0.9745, 0.1959], [-0.9873, 0.0842, 0.1346], [0.1147, -0.2082, 0.9713]] | $CV1,44,4765,1,0,-39.9,2.6,235.4,-0.255898,0.060617,-1.464639*09
[4870 ms] id0 t=(-0.0393, +0.0019, +0.2354) m dist=0.2387 m z=0.2354 m R=[[0.1114, 0.9744, 0.1954], [-0.9873, 0.0862, 0.1333], [0.1131, -0.2078, 0.9716]] | $CV1,45,4870,1,0,-39.3,1.9,235.4,-0.254363,0.061417,-1.462863*0F
[4977 ms] id0 t=(-0.0383, +0.0009, +0.2345) m dist=0.2376 m z=0.2345 m R=[[0.1114, 0.9742, 0.1965], [-0.9873, 0.0859, 0.1339], [0.1135, -0.2089, 0.9713]] | $CV1,46,4977,1,0,-38.3,0.9,234.5,-0.255663,0.061872,-1.462939*0F
[5082 ms] id0 t=(-0.0367, -0.0005, +0.2316) m dist=0.2345 m z=0.2316 m R=[[0.1214, 0.9723, 0.1995], [-0.986, 0.0951, 0.1368], [0.1141, -0.2133, 0.9703]] | $CV1,47,5082,1,0,-36.7,-0.5,231.6,-0.259792,0.063373,-1.452860*24
[5186 ms] id0 t=(-0.0378, +0.0017, +0.2331) m dist=0.2362 m z=0.2331 m R=[[0.1107, 0.9741, 0.1971], [-0.9872, 0.085, 0.1347], [0.1145, -0.2095, 0.9711]] | $CV1,48,5186,1,0,-37.8,1.7,233.1,-0.256869,0.061598,-1.463653*02
[5297 ms] id0 t=(-0.0371, +0.0012, +0.2318) m dist=0.2347 m z=0.2318 m R=[[0.1113, 0.9739, 0.1976], [-0.9872, 0.0854, 0.1351], [0.1147, -0.2101, 0.9709]] | $CV1,49,5297,1,0,-37.1,1.2,231.8,-0.257531,0.061900,-1.463144*0A
[5404 ms] id0 t=(-0.0369, +0.0014, +0.2316) m dist=0.2345 m z=0.2316 m R=[[0.1073, 0.9743, 0.1979], [-0.9876, 0.0815, 0.1344], [0.1148, -0.2098, 0.971]] | $CV1,50,5404,1,0,-36.9,1.4,231.6,-0.257417,0.062079,-1.467142*0C
[5515 ms] id0 t=(-0.0376, +0.0021, +0.2309) m dist=0.2339 m z=0.2309 m R=[[0.1022, 0.9748, 0.1983], [-0.9881, 0.0764, 0.1338], [0.1153, -0.2096, 0.971]] | $CV1,51,5515,1,0,-37.6,2.1,230.9,-0.257556,0.062230,-1.472304*05
[5622 ms] id0 t=(-0.0373, +0.0013, +0.2316) m dist=0.2346 m z=0.2316 m R=[[0.1071, 0.9744, 0.1975], [-0.9876, 0.0813, 0.1342], [0.1148, -0.2095, 0.9711]] | $CV1,52,5622,1,0,-37.3,1.3,231.6,-0.257058,0.061920,-1.467377*09
[5726 ms] id0 t=(-0.0377, +0.0012, +0.2326) m dist=0.2357 m z=0.2326 m R=[[0.1061, 0.9745, 0.1976], [-0.9876, 0.0801, 0.1351], [0.1158, -0.2095, 0.9709]] | $CV1,53,5726,1,0,-37.7,1.2,232.6,-0.257885,0.061225,-1.468419*0D
[5829 ms] id0 t=(-0.0372, +0.0001, +0.2328) m dist=0.2358 m z=0.2328 m R=[[0.1108, 0.9739, 0.1982], [-0.9872, 0.0848, 0.1351], [0.1147, -0.2106, 0.9708]] | $CV1,54,5829,1,0,-37.2,0.1,232.8,-0.257972,0.062264,-1.463647*0E
[5940 ms] id0 t=(-0.0369, +0.0008, +0.2335) m dist=0.2364 m z=0.2335 m R=[[0.1088, 0.9739, 0.1991], [-0.9874, 0.0828, 0.1346], [0.1146, -0.2112, 0.9707]] | $CV1,55,5940,1,0,-36.9,0.8,233.5,-0.258423,0.063075,-1.465623*0F
[6047 ms] id0 t=(-0.0365, +0.0010, +0.2399) m dist=0.2426 m z=0.2399 m R=[[0.0946, 0.9749, 0.2017], [-0.9887, 0.0684, 0.1332], [0.1161, -0.212, 0.9703]] | $CV1,56,6047,1,0,-36.5,1.0,239.9,-0.260258,0.064528,-1.480008*0D
[6154 ms] id0 t=(-0.0341, -0.0044, +0.2424) m dist=0.2449 m z=0.2424 m R=[[0.109, 0.9716, 0.21], [-0.9876, 0.0818, 0.1343], [0.1133, -0.222, 0.9684]] | $CV1,57,6154,1,0,-34.1,-4.4,242.4,-0.266453,0.072332,-1.465268*2A
[6258 ms] id0 t=(-0.0344, +0.0018, +0.2509) m dist=0.2533 m z=0.2509 m R=[[0.0987, 0.9711, 0.2173], [-0.9886, 0.0708, 0.133], [0.1138, -0.228, 0.967]] | $CV1,58,6258,1,0,-34.4,1.8,250.9,-0.271786,0.077981,-1.475651*00
[6374 ms] id0 t=(-0.0335, +0.0078, +0.2696) m dist=0.2718 m z=0.2696 m R=[[0.0783, 0.9718, 0.2223], [-0.9903, 0.0501, 0.1295], [0.1147, -0.2303, 0.9663]] | $CV1,59,6374,1,0,-33.5,7.8,269.6,-0.274343,0.082040,-1.496238*0B
[6474 ms] id0 t=(-0.0226, +0.0107, +0.2874) m dist=0.2885 m z=0.2874 m R=[[0.0385, 0.9689, 0.2445], [-0.9902, 0.004, 0.1399], [0.1346, -0.2475, 0.9595]] | $CV1,60,6474,1,0,-22.6,10.7,287.4,-0.304071,0.086292,-1.537656*35
[6578 ms] id0 t=(-0.0127, +0.0105, +0.3001) m dist=0.3006 m z=0.3001 m R=[[0.0444, 0.9602, 0.2757], [-0.9897, 0.0046, 0.1432], [0.1362, -0.2792, 0.9505]] | $CV1,61,6578,1,0,-12.7,10.5,300.1,-0.331752,0.109547,-1.531693*34
[6685 ms] id0 t=(-0.0078, +0.0093, +0.3058) m dist=0.3061 m z=0.3058 m R=[[0.017, 0.9552, 0.2956], [-0.9907, -0.0238, 0.1337], [0.1347, -0.2951, 0.9459]] | $CV1,62,6685,1,0,-7.8,9.3,305.8,-0.343481,0.128880,-1.558660*31
[6797 ms] id0 t=(-0.0008, +0.0101, +0.3084) m dist=0.3086 m z=0.3084 m R=[[-0.0195, 0.9464, 0.3225], [-0.9938, -0.0538, 0.0977], [0.1098, -0.3186, 0.9415]] | $CV1,63,6797,1,0,-0.8,10.1,308.4,-0.341465,0.174455,-1.591231*0E
[6898 ms] id0 t=(-0.0077, +0.0144, +0.2991) m dist=0.2995 m z=0.2991 m R=[[-0.0633, 0.9476, 0.3131], [-0.9976, -0.0514, -0.0462], [-0.0276, -0.3153, 0.9486]] | $CV1,64,6898,1,0,-7.7,14.4,299.1,-0.223358,0.282800,-1.614235*0C
[7003 ms] id0 t=(-0.0171, +0.0095, +0.2636) m dist=0.2643 m z=0.2636 m R=[[-0.068, 0.9678, 0.2424], [-0.9966, -0.0545, -0.0616], [-0.0464, -0.2458, 0.9682]] | $CV1,65,7003,1,0,-17.1,9.5,263.6,-0.152253,0.238692,-1.623517*06
[7112 ms] id0 t=(-0.0215, +0.0020, +0.2117) m dist=0.2128 m z=0.2117 m R=[[-0.0755, 0.988, 0.135], [-0.997, -0.0726, -0.0259], [-0.0157, -0.1365, 0.9905]] | $CV1,66,7112,1,0,-21.5,2.0,211.7,-0.091581,0.124717,-1.642410*0A
[7226 ms] id0 t=(-0.0195, +0.0011, +0.1803) m dist=0.1813 m z=0.1803 m R=[[-0.0787, 0.993, 0.0882], [-0.9969, -0.0784, -0.0067], [0.0002, -0.0884, 0.9961]] | $CV1,67,7226,1,0,-19.5,1.1,180.3,-0.067658,0.072846,-1.648385*0F
[7330 ms] id0 t=(-0.0192, +0.0028, +0.1676) m dist=0.1687 m z=0.1676 m R=[[-0.0893, 0.9944, 0.0567], [-0.996, -0.089, -0.0077], [-0.0026, -0.0572, 0.9984]] | $CV1,68,7330,1,0,-19.2,2.8,167.6,-0.041288,0.049438,-1.659603*0C
[7443 ms] id0 t=(-0.0185, +0.0027, +0.1787) m dist=0.1797 m z=0.1787 m R=[[-0.0855, 0.9934, 0.0766], [-0.9963, -0.0843, -0.018], [-0.0114, -0.0779, 0.9969]] | $CV1,69,7443,1,0,-18.5,2.7,178.7,-0.049789,0.073265,-1.654975*00
[7557 ms] id0 t=(-0.0167, +0.0045, +0.2131) m dist=0.2138 m z=0.2131 m R=[[-0.0888, 0.9829, 0.1614], [-0.9926, -0.0739, -0.0964], [-0.0828, -0.1688, 0.9822]] | $CV1,70,7557,1,0,-16.7,4.5,213.1,-0.060403,0.203667,-1.647548*05
[7669 ms] id0 t=(-0.0116, +0.0090, +0.2581) m dist=0.2585 m z=0.2581 m R=[[-0.0954, 0.9706, 0.2212], [-0.9935, -0.0789, -0.0823], [-0.0625, -0.2276, 0.9718]] | $CV1,71,7669,1,0,-11.6,9.0,258.1,-0.122056,0.238373,-1.650680*01
[7782 ms] id0 t=(-0.0071, +0.0082, +0.2920) m dist=0.2922 m z=0.2920 m R=[[-0.0892, 0.9626, 0.2558], [-0.9943, -0.0709, -0.0799], [-0.0588, -0.2615, 0.9634]] | $CV1,72,7782,1,0,-7.1,8.2,292.0,-0.152331,0.263870,-1.641293*37
[7896 ms] id0 t=(-0.0063, +0.0068, +0.3071) m dist=0.3073 m z=0.3071 m R=[[0.0164, 0.95, 0.3117], [-0.9705, -0.0599, 0.2336], [0.2406, -0.3063, 0.921]] | $CV1,73,7896,1,0,-6.3,6.8,307.1,-0.441418,0.058122,-1.570143*37
[8012 ms] id0 t=(-0.0061, +0.0045, +0.3086) m dist=0.3087 m z=0.3086 m R=[[0.0035, 0.9651, 0.2619], [-0.9849, -0.042, 0.1682], [0.1733, -0.2585, 0.9503]] | $CV1,74,8012,1,0,-6.1,4.5,308.6,-0.344866,0.071550,-1.576025*34
[8116 ms] id0 t=(-0.0049, -0.0001, +0.3009) m dist=0.3009 m z=0.3009 m R=[[0.0177, 0.9619, 0.2727], [-0.9855, -0.0293, 0.1673], [0.1689, -0.2717, 0.9474]] | $CV1,75,8116,1,0,-4.9,-0.1,300.9,-0.352007,0.083265,-1.561489*10
[8225 ms] id0 t=(-0.0070, -0.0069, +0.2988) m dist=0.2990 m z=0.2988 m R=[[-0.0014, 0.9632, 0.2687], [-0.9909, -0.0375, 0.1293], [0.1347, -0.2661, 0.9545]] | $CV1,76,8225,1,0,-7.0,-6.9,298.8,-0.319218,0.108234,-1.577411*16
[8335 ms] id0 t=(-0.0062, -0.0090, +0.3015) m dist=0.3017 m z=0.3015 m R=[[0.0161, 0.9674, 0.2527], [-0.9887, -0.0223, 0.1484], [0.1492, -0.2522, 0.9561]] | $CV1,77,8335,1,0,-6.2,-9.0,301.5,-0.319759,0.082561,-1.561348*16
[8437 ms] id0 t=(-0.0050, -0.0041, +0.3074) m dist=0.3074 m z=0.3074 m R=[[0.0366, 0.9669, 0.2526], [-0.981, -0.0135, 0.1937], [0.1907, -0.2549, 0.948]] | $CV1,78,8437,1,0,-5.0,-4.1,307.4,-0.355595,0.049131,-1.544048*1E
[8545 ms] id0 t=(-0.0059, -0.0010, +0.3015) m dist=0.3016 m z=0.3015 m R=[[0.0256, 0.9649, 0.2612], [-0.9813, -0.0255, 0.1906], [0.1906, -0.2612, 0.9463]] | $CV1,79,8545,1,0,-5.9,-1.0,301.5,-0.361057,0.056447,-1.555269*16
[8657 ms] id0 t=(-0.0189, +0.0083, +0.3070) m dist=0.3077 m z=0.3070 m R=[[-0.01, 0.9576, 0.288], [-0.9708, -0.0784, 0.2269], [0.2398, -0.2773, 0.9304]] | $CV1,80,8657,1,0,-18.9,8.3,307.0,-0.417252,0.039862,-1.595783*06
[8767 ms] id0 t=(-0.0190, +0.0092, +0.3067) m dist=0.3075 m z=0.3067 m R=[[0.0154, 0.9486, 0.316], [-0.9767, -0.0533, 0.2077], [0.2138, -0.3118, 0.9258]] | $CV1,81,8767,1,0,-19.0,9.2,306.7,-0.423257,0.083218,-1.568666*07
[8871 ms] id0 t=(-0.0231, +0.0141, +0.3019) m dist=0.3031 m z=0.3019 m R=[[0.0202, 0.9323, 0.3612], [-0.9596, -0.0834, 0.2688], [0.2807, -0.352, 0.8929]] | $CV1,82,8871,1,0,-23.1,14.1,301.9,-0.515929,0.066846,-1.572193*38
[8982 ms] id0 t=(-0.0220, +0.0144, +0.3025) m dist=0.3036 m z=0.3025 m R=[[-0.0509, 0.9288, 0.3671], [-0.9667, -0.1382, 0.2156], [0.2509, -0.3438, 0.9049]] | $CV1,83,8982,1,0,-22.0,14.4,302.5,-0.484157,0.100494,-1.640515*3C
[9096 ms] id0 t=(-0.0098, +0.0115, +0.2978) m dist=0.2981 m z=0.2978 m R=[[-0.0723, 0.9365, 0.3432], [-0.9662, -0.1512, 0.209], [0.2476, -0.3165, 0.9157]] | $CV1,84,9096,1,0,-9.8,11.5,297.8,-0.458812,0.083485,-1.661138*08
[9196 ms] id0 t=(-0.0093, +0.0094, +0.2804) m dist=0.2807 m z=0.2804 m R=[[-0.1826, 0.9585, 0.219], [-0.9628, -0.1291, -0.2375], [-0.1994, -0.2542, 0.9464]] | $CV1,85,9196,1,0,-9.3,9.4,280.4,-0.014945,0.373312,-1.714241*35
[9306 ms] id0 t=(-0.0168, -0.0023, +0.2098) m dist=0.2105 m z=0.2098 m R=[[-0.0949, 0.9891, 0.113], [-0.9932, -0.0864, -0.0775], [-0.0668, -0.1196, 0.9906]] | $CV1,86,9306,1,0,-16.8,-2.3,209.8,-0.035284,0.150544,-1.659125*2E
[9416 ms] target_missing, detections=0
[9526 ms] target_missing, detections=0
[9629 ms] target_missing, detections=0
[9733 ms] id0 t=(-0.0064, +0.0043, +0.2427) m dist=0.2428 m z=0.2427 m R=[[-0.1258, 0.9712, 0.2025], [-0.9884, -0.1053, -0.1094], [-0.085, -0.2139, 0.9732]] | $CV1,90,9733,1,0,-6.4,4.3,242.7,-0.089574,0.246410,-1.679794*38
[9840 ms] id0 t=(+0.0032, +0.0047, +0.2811) m dist=0.2812 m z=0.2811 m R=[[-0.1239, 0.9527, 0.2776], [-0.9894, -0.0971, -0.1082], [-0.0762, -0.288, 0.9546]] | $CV1,91,9840,1,0,3.2,4.7,281.1,-0.154595,0.304165,-1.669877*1C
python.exe : WRN: Matrix is singular.
所在位置 D:\WSL\rerun_old.ps1:11 字符: 3
+   & $py -m src.tagpose --input $j.src --calibration data/calib/camera ...
+   ~~~~~~~~~~~~~~~~~~~~~~~~~~~~~~~~~~~~~~~~~~~~~~~~~~~~~~~~~~~~~~~~~~~
    + CategoryInfo          : NotSpecified: (WRN: Matrix is singular.:String) [], RemoteException
    + FullyQualifiedErrorId : NativeCommandError
 
[9940 ms] id0 t=(+0.0040, +0.0034, +0.2836) m dist=0.2837 m z=0.2836 m R=[[-0.109, 0.9511, 0.2891], [-0.9933, -0.0926, -0.0698], [-0.0396, -0.2948, 0.9548]] | $CV1,92,9940,1,0,4.0,3.4,283.6,-0.192074,0.280652,-1.660058*18
[10052 ms] id0 t=(-0.0093, +0.0002, +0.2380) m dist=0.2382 m z=0.2380 m R=[[-0.1014, 0.9665, 0.2359], [-0.9932, -0.0848, -0.0797], [-0.057, -0.2424, 0.9685]] | $CV1,93,10052,1,0,-9.3,0.2,238.0,-0.137419,0.247503,-1.655835*02
[10161 ms] id0 t=(-0.0218, +0.0008, +0.1625) m dist=0.1639 m z=0.1625 m R=[[-0.1006, 0.9854, 0.1372], [-0.9944, -0.104, 0.0173], [0.0313, -0.1347, 0.9904]] | $CV1,94,10161,1,0,-21.8,0.8,162.5,-0.128278,0.089386,-1.670815*37
[10268 ms] target_missing, detections=0
[10383 ms] target_missing, detections=0
[10493 ms] target_missing, detections=0
[10606 ms] id0 t=(-0.0060, -0.0041, +0.2280) m dist=0.2281 m z=0.2280 m R=[[-0.1247, 0.9825, 0.1383], [-0.9832, -0.1036, -0.1506], [-0.1336, -0.1548, 0.9789]] | $CV1,98,10606,1,0,-6.0,-4.1,228.0,-0.003590,0.232385,-1.679823*2C
[10711 ms] id0 t=(+0.0017, -0.0086, +0.2693) m dist=0.2695 m z=0.2693 m R=[[-0.1112, 0.9678, 0.2259], [-0.9862, -0.0794, -0.1454], [-0.1228, -0.2389, 0.9633]] | $CV1,99,10711,1,0,1.7,-8.6,269.3,-0.079310,0.295573,-1.656680*01
[10821 ms] id0 t=(+0.0075, -0.0095, +0.2835) m dist=0.2838 m z=0.2835 m R=[[-0.1105, 0.9586, 0.2626], [-0.9877, -0.0765, -0.1364], [-0.1106, -0.2744, 0.9552]] | $CV1,100,10821,1,0,7.5,-9.5,283.5,-0.117250,0.316916,-1.652777*3C
[10935 ms] id0 t=(+0.0072, -0.0090, +0.2826) m dist=0.2829 m z=0.2826 m R=[[-0.1146, 0.9538, 0.2776], [-0.9857, -0.0745, -0.1512], [-0.1236, -0.291, 0.9487]] | $CV1,101,10935,1,0,7.2,-9.0,282.6,-0.119044,0.341738,-1.652108*3E
[11049 ms] id0 t=(-0.0087, -0.0083, +0.2215) m dist=0.2218 m z=0.2215 m R=[[-0.0904, 0.9775, 0.1903], [-0.9952, -0.0816, -0.0539], [-0.0372, -0.1943, 0.9802]] | $CV1,102,11049,1,0,-8.7,-8.3,221.5,-0.117545,0.190492,-1.651743*1C
[11157 ms] id0 t=(-0.0197, -0.0067, +0.1461) m dist=0.1476 m z=0.1461 m R=[[-0.0821, 0.9946, -0.0642], [-0.9966, -0.0817, 0.0084], [0.0031, 0.0646, 0.9979]] | $CV1,103,11157,1,0,-19.7,-6.7,146.1,0.046692,-0.055795,-1.652227*2B
[11263 ms] target_missing, detections=0
[11377 ms] id0 t=(-0.0209, -0.0059, +0.1688) m dist=0.1702 m z=0.1688 m R=[[-0.1042, 0.9946, -0.0019], [-0.9928, -0.1041, -0.0593], [-0.0591, -0.0043, 0.9982]] | $CV1,105,11377,1,0,-20.9,-5.9,168.8,0.046344,0.048222,-1.674656*01
[11491 ms] id0 t=(-0.0120, -0.0131, +0.2405) m dist=0.2411 m z=0.2405 m R=[[-0.0986, 0.9838, 0.1496], [-0.9757, -0.0659, -0.2091], [-0.1959, -0.1666, 0.9664]] | $CV1,106,11491,1,0,-12.0,-13.1,240.5,0.035708,0.289943,-1.644267*30
[11595 ms] id0 t=(-0.0038, -0.0197, +0.2711) m dist=0.2719 m z=0.2711 m R=[[-0.0772, 0.9744, 0.2113], [-0.9847, -0.0414, -0.1692], [-0.1561, -0.2211, 0.9627]] | $CV1,107,11595,1,0,-3.8,-19.7,271.1,-0.042935,0.303784,-1.620056*2F
[11710 ms] id0 t=(-0.0012, -0.0208, +0.2825) m dist=0.2832 m z=0.2825 m R=[[-0.0668, 0.9732, 0.2202], [-0.9874, -0.0327, -0.1549], [-0.1435, -0.2278, 0.9631]] | $CV1,108,11710,1,0,-1.2,-20.8,282.5,-0.059851,0.298772,-1.610477*2D
[11812 ms] id0 t=(-0.0093, -0.0207, +0.2611) m dist=0.2621 m z=0.2611 m R=[[-0.0631, 0.974, 0.2176], [-0.9868, -0.0284, -0.1593], [-0.149, -0.2247, 0.963]] | $CV1,109,11812,1,0,-9.3,-20.7,261.1,-0.053625,0.300282,-1.606387*2C
[11920 ms] id0 t=(-0.0197, -0.0180, +0.2028) m dist=0.2045 m z=0.2028 m R=[[-0.066, 0.995, 0.0753], [-0.991, -0.0565, -0.1211], [-0.1162, -0.0826, 0.9898]] | $CV1,110,11920,1,0,-19.7,-18.0,202.8,0.031544,0.157157,-1.629342*33
[12028 ms] id0 t=(-0.0207, -0.0151, +0.1667) m dist=0.1686 m z=0.1667 m R=[[-0.061, 0.9906, -0.1221], [-0.9968, -0.0667, -0.043], [-0.0508, 0.1191, 0.9916]] | $CV1,111,12028,1,0,-20.7,-15.1,166.7,0.133156,-0.058559,-1.632408*16
[12136 ms] id0 t=(-0.0198, -0.0157, +0.1681) m dist=0.1700 m z=0.1681 m R=[[-0.0555, 0.9927, -0.1071], [-0.9961, -0.0624, -0.0628], [-0.0691, 0.1032, 0.9923]] | $CV1,112,12136,1,0,-19.8,-15.7,168.1,0.135882,-0.031120,-1.627695*11
[12247 ms] id0 t=(-0.0203, -0.0162, +0.1699) m dist=0.1719 m z=0.1699 m R=[[-0.0526, 0.9935, -0.101], [-0.9952, -0.0605, -0.0766], [-0.0822, 0.0965, 0.9919]] | $CV1,113,12247,1,0,-20.3,-16.2,169.9,0.141503,-0.015378,-1.625219*17
[12350 ms] id0 t=(-0.0205, -0.0164, +0.1702) m dist=0.1722 m z=0.1702 m R=[[-0.0506, 0.9938, -0.0994], [-0.9953, -0.0584, -0.0775], [-0.0828, 0.095, 0.992]] | $CV1,114,12350,1,0,-20.5,-16.4,170.2,0.140777,-0.013565,-1.623186*1B
[12451 ms] id0 t=(-0.0207, -0.0166, +0.1709) m dist=0.1730 m z=0.1709 m R=[[-0.0501, 0.9939, -0.0979], [-0.995, -0.0581, -0.081], [-0.0862, 0.0934, 0.9919]] | $CV1,115,12451,1,0,-20.7,-16.6,170.9,0.142215,-0.009577,-1.622766*15
[12566 ms] id0 t=(-0.0204, -0.0175, +0.1753) m dist=0.1774 m z=0.1753 m R=[[-0.0494, 0.9945, -0.0926], [-0.9935, -0.0584, -0.0974], [-0.1022, 0.0872, 0.9909]] | $CV1,116,12566,1,0,-20.4,-17.5,175.3,0.150640,0.007844,-1.622293*3B
[12681 ms] id0 t=(-0.0193, -0.0210, +0.2139) m dist=0.2158 m z=0.2139 m R=[[-0.0638, 0.9961, 0.0615], [-0.9855, -0.0532, -0.1612], [-0.1573, -0.0709, 0.985]] | $CV1,117,12681,1,0,-19.3,-21.0,213.9,0.074119,0.179446,-1.625298*32
[12795 ms] id0 t=(-0.0152, -0.0154, +0.2775) m dist=0.2784 m z=0.2775 m R=[[-0.0918, 0.9851, 0.1457], [-0.9775, -0.0613, -0.2019], [-0.19, -0.1609, 0.9685]] | $CV1,118,12795,1,0,-15.2,-15.4,277.5,0.034222,0.280306,-1.639083*35
[12896 ms] id0 t=(-0.0088, -0.0179, +0.3151) m dist=0.3157 m z=0.3151 m R=[[-0.0646, 0.9735, 0.2192], [-0.9948, -0.0454, -0.0913], [-0.079, -0.2239, 0.9714]] | $CV1,119,12896,1,0,-8.8,-17.9,315.1,-0.109022,0.245096,-1.618050*2E
[12999 ms] id0 t=(-0.0098, -0.0173, +0.3200) m dist=0.3206 m z=0.3200 m R=[[-0.0518, 0.9775, 0.2044], [-0.9986, -0.0518, -0.0054], [0.0053, -0.2044, 0.9789]] | $CV1,120,12999,1,0,-9.8,-17.3,320.0,-0.162832,0.162869,-1.616910*2F
[13100 ms] id0 t=(-0.0167, -0.0165, +0.3031) m dist=0.3040 m z=0.3031 m R=[[-0.0933, 0.9772, 0.1906], [-0.9802, -0.0567, -0.1896], [-0.1745, -0.2045, 0.9632]] | $CV1,121,13100,1,0,-16.7,-16.5,303.1,-0.012464,0.305137,-1.636085*1E
[13205 ms] id0 t=(-0.0239, -0.0203, +0.2762) m dist=0.2780 m z=0.2762 m R=[[-0.0746, 0.9878, 0.1364], [-0.9873, -0.054, -0.1495], [-0.1403, -0.1458, 0.9793]] | $CV1,122,13205,1,0,-23.9,-20.3,276.2,0.003064,0.228264,-1.629585*39
[13313 ms] id0 t=(-0.0248, -0.0235, +0.2397) m dist=0.2421 m z=0.2397 m R=[[-0.0551, 0.9959, 0.071], [-0.9942, -0.0482, -0.0964], [-0.0926, -0.0759, 0.9928]] | $CV1,123,13313,1,0,-24.8,-23.5,239.7,0.016692,0.133245,-1.620525*31
[13423 ms] id0 t=(-0.0289, -0.0231, +0.1950) m dist=0.1984 m z=0.1950 m R=[[-0.0525, 0.9985, -0.0127], [-0.9969, -0.0532, -0.0575], [-0.0581, 0.0097, 0.9983]] | $CV1,124,13423,1,0,-28.9,-23.1,195.0,0.054647,0.036900,-1.623189*38
[13534 ms] id0 t=(-0.0291, -0.0214, +0.1755) m dist=0.1791 m z=0.1755 m R=[[-0.0674, 0.9877, -0.1412], [-0.9966, -0.0599, 0.0567], [0.0475, 0.1445, 0.9884]] | $CV1,125,13534,1,0,-29.1,-21.4,175.5,0.072240,-0.155168,-1.631390*1A
[13639 ms] id0 t=(-0.0288, -0.0217, +0.1782) m dist=0.1819 m z=0.1782 m R=[[-0.0602, 0.9892, -0.134], [-0.9981, -0.0582, 0.019], [0.011, 0.1349, 0.9908]] | $CV1,126,13639,1,0,-28.8,-21.7,178.2,0.094849,-0.118752,-1.627530*10
[13748 ms] id0 t=(-0.0291, -0.0219, +0.1799) m dist=0.1836 m z=0.1799 m R=[[-0.056, 0.9898, -0.1307], [-0.9984, -0.0568, -0.0024], [-0.0098, 0.1303, 0.9914]] | $CV1,127,13748,1,0,-29.1,-21.9,179.9,0.108479,-0.098759,-1.624952*18
[13863 ms] id0 t=(-0.0293, -0.0230, +0.1854) m dist=0.1891 m z=0.1854 m R=[[-0.0491, 0.9915, -0.1202], [-0.9979, -0.0538, -0.0361], [-0.0423, 0.1182, 0.9921]] | $CV1,128,13863,1,0,-29.3,-23.0,185.4,0.125635,-0.063486,-1.620131*1F
[13974 ms] id0 t=(-0.0276, -0.0250, +0.2112) m dist=0.2144 m z=0.2112 m R=[[-0.0391, 0.9989, 0.0267], [-0.9876, -0.0346, -0.1529], [-0.1518, -0.0324, 0.9879]] | $CV1,129,13974,1,0,-27.6,-25.0,211.2,0.097320,0.144137,-1.604309*3C
[14083 ms] id0 t=(-0.0245, -0.0251, +0.2606) m dist=0.2629 m z=0.2606 m R=[[-0.0572, 0.9927, 0.1058], [-0.9752, -0.0329, -0.2188], [-0.2137, -0.1157, 0.97]] | $CV1,130,14083,1,0,-24.5,-25.1,260.6,0.084229,0.261015,-1.607609*38
[14197 ms] id0 t=(-0.0185, -0.0230, +0.2910) m dist=0.2925 m z=0.2910 m R=[[-0.0754, 0.9884, 0.1321], [-0.9771, -0.0467, -0.2077], [-0.1991, -0.1447, 0.9692]] | $CV1,131,14197,1,0,-18.5,-23.0,291.0,0.052036,0.273638,-1.623583*37
[14310 ms] id0 t=(-0.0160, -0.0214, +0.3060) m dist=0.3071 m z=0.3060 m R=[[-0.0797, 0.9846, 0.1556], [-0.9828, -0.0514, -0.1776], [-0.1668, -0.1671, 0.9717]] | $CV1,132,14310,1,0,-16.0,-21.4,306.0,0.008679,0.266954,-1.628811*35
[14420 ms] id0 t=(-0.0150, -0.0234, +0.3081) m dist=0.3094 m z=0.3081 m R=[[-0.0572, 0.9874, 0.1474], [-0.9963, -0.0471, -0.0715], [-0.0637, -0.151, 0.9865]] | $CV1,133,14420,1,0,-15.0,-23.4,308.1,-0.064891,0.172306,-1.619291*1A
[14528 ms] id0 t=(-0.0154, -0.0227, +0.3072) m dist=0.3084 m z=0.3072 m R=[[-0.0748, 0.9861, 0.1481], [-0.9837, -0.0486, -0.173], [-0.1634, -0.1586, 0.9737]] | $CV1,134,14528,1,0,-15.4,-22.7,307.2,0.011870,0.256982,-1.625465*3F
[14630 ms] id0 t=(-0.0197, -0.0244, +0.2846) m dist=0.2864 m z=0.2846 m R=[[-0.0625, 0.9919, 0.111], [-0.9821, -0.0413, -0.1835], [-0.1774, -0.1205, 0.9767]] | $CV1,135,14630,1,0,-19.7,-24.4,284.6,0.051597,0.236207,-1.616371*32
[14746 ms] id0 t=(-0.0229, -0.0266, +0.2531) m dist=0.2555 m z=0.2531 m R=[[-0.049, 0.9944, 0.0933], [-0.98, -0.0298, -0.1968], [-0.193, -0.101, 0.976]] | $CV1,136,14746,1,0,-22.9,-26.6,253.1,0.077822,0.232466,-1.603603*3C
[14848 ms] id0 t=(-0.0241, -0.0234, +0.2226) m dist=0.2251 m z=0.2226 m R=[[-0.0567, 0.9978, 0.033], [-0.9836, -0.0502, -0.1732], [-0.1712, -0.0423, 0.9843]] | $CV1,137,14848,1,0,-24.1,-23.4,222.6,0.107022,0.166930,-1.619999*31
[14960 ms] id0 t=(-0.0231, -0.0253, +0.1945) m dist=0.1975 m z=0.1945 m R=[[-0.0427, 0.9935, -0.1051], [-0.9933, -0.0536, -0.1024], [-0.1074, 0.1, 0.9892]] | $CV1,138,14960,1,0,-23.1,-25.3,194.5,0.164626,0.001836,-1.616013*3A
[15072 ms] id0 t=(-0.0241, -0.0208, +0.1779) m dist=0.1807 m z=0.1779 m R=[[-0.0597, 0.9892, -0.1342], [-0.997, -0.0658, -0.0415], [-0.0499, 0.1313, 0.9901]] | $CV1,139,15072,1,0,-24.1,-20.8,177.9,0.141933,-0.069197,-1.630893*11
[15184 ms] id0 t=(-0.0244, -0.0190, +0.1718) m dist=0.1746 m z=0.1718 m R=[[-0.0636, 0.9881, -0.1399], [-0.9975, -0.0674, -0.0228], [-0.032, 0.1381, 0.9899]] | $CV1,140,15184,1,0,-24.4,-19.0,171.8,0.132365,-0.088776,-1.633621*18
[15298 ms] target_missing, detections=0
[15417 ms] id0 t=(-0.0238, -0.0190, +0.1702) m dist=0.1729 m z=0.1702 m R=[[-0.0681, 0.9872, -0.1439], [-0.9976, -0.0689, -0.0007], [-0.0106, 0.1435, 0.9896]] | $CV1,142,15417,1,0,-23.8,-19.0,170.2,0.118916,-0.109905,-1.636536*11
[15518 ms] id0 t=(-0.0244, -0.0195, +0.1809) m dist=0.1836 m z=0.1809 m R=[[-0.0574, 0.989, -0.1362], [-0.9918, -0.0721, -0.1055], [-0.1141, 0.129, 0.9851]] | $CV1,143,15518,1,0,-24.4,-19.5,180.9,0.193132,-0.018153,-1.631628*18
[15629 ms] id0 t=(-0.0260, -0.0172, +0.2184) m dist=0.2207 m z=0.2184 m R=[[-0.0843, 0.9953, 0.0481], [-0.9732, -0.0719, -0.2186], [-0.2141, -0.0653, 0.9746]] | $CV1,144,15629,1,0,-26.0,-17.2,218.4,0.127942,0.218773,-1.642296*30
[15742 ms] id0 t=(-0.0246, -0.0179, +0.2668) m dist=0.2686 m z=0.2668 m R=[[-0.1028, 0.9835, 0.1485], [-0.9645, -0.0621, -0.2565], [-0.2431, -0.1696, 0.9551]] | $CV1,145,15742,1,0,-24.6,-17.9,266.8,0.073213,0.329984,-1.641462*33
[15853 ms] id0 t=(-0.0205, -0.0167, +0.2984) m dist=0.2996 m z=0.2984 m R=[[-0.1137, 0.9709, 0.2106], [-0.9769, -0.0706, -0.2019], [-0.1812, -0.2287, 0.9565]] | $CV1,146,15853,1,0,-20.5,-16.7,298.4,-0.022715,0.332243,-1.651720*1E
[15965 ms] id0 t=(-0.0228, -0.0163, +0.3081) m dist=0.3094 m z=0.3081 m R=[[-0.0426, 0.9729, 0.2273], [-0.9924, -0.0674, 0.1028], [0.1153, -0.2212, 0.9684]] | $CV1,147,15965,1,0,-22.8,-16.3,308.1,-0.266581,0.092114,-1.617259*11
[16068 ms] id0 t=(-0.0284, -0.0218, +0.2984) m dist=0.3005 m z=0.2984 m R=[[-0.0303, 0.9761, 0.2154], [-0.9923, -0.0552, 0.1105], [0.1198, -0.2104, 0.9703]] | $CV1,148,16068,1,0,-28.4,-21.8,298.4,-0.261729,0.078008,-1.605423*1A
[16183 ms] id0 t=(-0.0397, -0.0289, +0.2837) m dist=0.2879 m z=0.2837 m R=[[-0.0082, 0.9729, 0.231], [-0.9882, -0.0432, 0.147], [0.153, -0.227, 0.9618]] | $CV1,149,16183,1,0,-39.7,-28.9,283.7,-0.302430,0.063048,-1.585762*11
[16285 ms] id0 t=(-0.0424, -0.0230, +0.2647) m dist=0.2691 m z=0.2647 m R=[[-0.0362, 0.9674, 0.2507], [-0.9848, -0.0771, 0.1555], [0.1698, -0.2413, 0.9555]] | $CV1,150,16285,1,0,-42.4,-23.0,264.7,-0.328366,0.066948,-1.615410*14
[16387 ms] id0 t=(-0.0484, -0.0209, +0.2360) m dist=0.2418 m z=0.2360 m R=[[-0.0497, 0.9641, 0.2607], [-0.9841, -0.0918, 0.1518], [0.1703, -0.249, 0.9534]] | $CV1,151,16387,1,0,-48.4,-20.9,236.0,-0.335183,0.075541,-1.629177*1F
[16490 ms] id0 t=(-0.0690, -0.0141, +0.2059) m dist=0.2176 m z=0.2059 m R=[[-0.0893, 0.974, 0.208], [-0.9765, -0.1268, 0.1743], [0.1961, -0.1875, 0.9625]] | $CV1,152,16490,1,0,-69.0,-14.1,205.9,-0.309672,0.010153,-1.669424*19
[16602 ms] id0 t=(-0.0860, -0.0026, +0.1905) m dist=0.2090 m z=0.1905 m R=[[-0.2274, 0.9318, 0.2829], [-0.9197, -0.301, 0.252], [0.32, -0.2029, 0.9255]] | $CV1,153,16602,1,0,-86.0,-2.6,190.5,-0.447739,-0.036500,-1.822496*03
[16712 ms] target_missing, detections=0
[16814 ms] target_missing, detections=0
[16921 ms] target_missing, detections=0
[17029 ms] target_missing, detections=0
[17133 ms] target_missing, detections=0
[17234 ms] target_missing, detections=0
[17339 ms] target_missing, detections=0
[17444 ms] target_missing, detections=0
[17548 ms] target_missing, detections=0
[17653 ms] target_missing, detections=0
[17757 ms] target_missing, detections=0
[17862 ms] target_missing, detections=0
[17969 ms] target_missing, detections=0
[18071 ms] target_missing, detections=0
[18177 ms] target_missing, detections=0
[18279 ms] target_missing, detections=0
[18387 ms] target_missing, detections=0
[18495 ms] target_missing, detections=0
[18598 ms] target_missing, detections=0
[18705 ms] target_missing, detections=0
[18805 ms] target_missing, detections=0
[18912 ms] target_missing, detections=0
[19018 ms] target_missing, detections=0
[19125 ms] target_missing, detections=0
[19231 ms] target_missing, detections=0
[19337 ms] target_missing, detections=0
[19446 ms] target_missing, detections=0
[19554 ms] target_missing, detections=0
[19659 ms] target_missing, detections=0
input finished
